Archive member included to satisfy reference by file (symbol)

c:/program files (x86)/gnu arm embedded toolchain/10 2020-q4-major/bin/../lib/gcc/arm-none-eabi/10.2.1/../../../../arm-none-eabi/lib/thumb/v7e-m+dp/hard\libc_nano.a(lib_a-exit.o)
                              c:/program files (x86)/gnu arm embedded toolchain/10 2020-q4-major/bin/../lib/gcc/arm-none-eabi/10.2.1/../../../../arm-none-eabi/lib/thumb/v7e-m+dp/hard/crt0.o (exit)
c:/program files (x86)/gnu arm embedded toolchain/10 2020-q4-major/bin/../lib/gcc/arm-none-eabi/10.2.1/../../../../arm-none-eabi/lib/thumb/v7e-m+dp/hard\libc_nano.a(lib_a-impure.o)
                              c:/program files (x86)/gnu arm embedded toolchain/10 2020-q4-major/bin/../lib/gcc/arm-none-eabi/10.2.1/../../../../arm-none-eabi/lib/thumb/v7e-m+dp/hard\libc_nano.a(lib_a-exit.o) (_global_impure_ptr)
c:/program files (x86)/gnu arm embedded toolchain/10 2020-q4-major/bin/../lib/gcc/arm-none-eabi/10.2.1/../../../../arm-none-eabi/lib/thumb/v7e-m+dp/hard\libc_nano.a(lib_a-init.o)
                              c:/program files (x86)/gnu arm embedded toolchain/10 2020-q4-major/bin/../lib/gcc/arm-none-eabi/10.2.1/../../../../arm-none-eabi/lib/thumb/v7e-m+dp/hard/crt0.o (__libc_init_array)
c:/program files (x86)/gnu arm embedded toolchain/10 2020-q4-major/bin/../lib/gcc/arm-none-eabi/10.2.1/../../../../arm-none-eabi/lib/thumb/v7e-m+dp/hard\libc_nano.a(lib_a-memset.o)
                              c:/program files (x86)/gnu arm embedded toolchain/10 2020-q4-major/bin/../lib/gcc/arm-none-eabi/10.2.1/../../../../arm-none-eabi/lib/thumb/v7e-m+dp/hard/crt0.o (memset)
c:/program files (x86)/gnu arm embedded toolchain/10 2020-q4-major/bin/../lib/gcc/arm-none-eabi/10.2.1/../../../../arm-none-eabi/lib/thumb/v7e-m+dp/hard\libnosys.a(_exit.o)
                              c:/program files (x86)/gnu arm embedded toolchain/10 2020-q4-major/bin/../lib/gcc/arm-none-eabi/10.2.1/../../../../arm-none-eabi/lib/thumb/v7e-m+dp/hard\libc_nano.a(lib_a-exit.o) (_exit)
c:/program files (x86)/gnu arm embedded toolchain/10 2020-q4-major/bin/../lib/gcc/arm-none-eabi/10.2.1/thumb/v7e-m+dp/hard\libgcc.a(_aeabi_uldivmod.o)
                              build/stm32h7xx_hal_uart.o (__aeabi_uldivmod)
c:/program files (x86)/gnu arm embedded toolchain/10 2020-q4-major/bin/../lib/gcc/arm-none-eabi/10.2.1/thumb/v7e-m+dp/hard\libgcc.a(_udivmoddi4.o)
                              c:/program files (x86)/gnu arm embedded toolchain/10 2020-q4-major/bin/../lib/gcc/arm-none-eabi/10.2.1/thumb/v7e-m+dp/hard\libgcc.a(_aeabi_uldivmod.o) (__udivmoddi4)
c:/program files (x86)/gnu arm embedded toolchain/10 2020-q4-major/bin/../lib/gcc/arm-none-eabi/10.2.1/thumb/v7e-m+dp/hard\libgcc.a(_dvmd_tls.o)
                              c:/program files (x86)/gnu arm embedded toolchain/10 2020-q4-major/bin/../lib/gcc/arm-none-eabi/10.2.1/thumb/v7e-m+dp/hard\libgcc.a(_aeabi_uldivmod.o) (__aeabi_ldiv0)

Discarded input sections

 .text          0x00000000        0x0 c:/program files (x86)/gnu arm embedded toolchain/10 2020-q4-major/bin/../lib/gcc/arm-none-eabi/10.2.1/thumb/v7e-m+dp/hard/crti.o
 .data          0x00000000        0x0 c:/program files (x86)/gnu arm embedded toolchain/10 2020-q4-major/bin/../lib/gcc/arm-none-eabi/10.2.1/thumb/v7e-m+dp/hard/crti.o
 .bss           0x00000000        0x0 c:/program files (x86)/gnu arm embedded toolchain/10 2020-q4-major/bin/../lib/gcc/arm-none-eabi/10.2.1/thumb/v7e-m+dp/hard/crti.o
 .data          0x00000000        0x4 c:/program files (x86)/gnu arm embedded toolchain/10 2020-q4-major/bin/../lib/gcc/arm-none-eabi/10.2.1/thumb/v7e-m+dp/hard/crtbegin.o
 .rodata        0x00000000       0x24 c:/program files (x86)/gnu arm embedded toolchain/10 2020-q4-major/bin/../lib/gcc/arm-none-eabi/10.2.1/thumb/v7e-m+dp/hard/crtbegin.o
 .text          0x00000000       0x7c c:/program files (x86)/gnu arm embedded toolchain/10 2020-q4-major/bin/../lib/gcc/arm-none-eabi/10.2.1/../../../../arm-none-eabi/lib/thumb/v7e-m+dp/hard/crt0.o
 .data          0x00000000        0x0 c:/program files (x86)/gnu arm embedded toolchain/10 2020-q4-major/bin/../lib/gcc/arm-none-eabi/10.2.1/../../../../arm-none-eabi/lib/thumb/v7e-m+dp/hard/crt0.o
 .bss           0x00000000        0x0 c:/program files (x86)/gnu arm embedded toolchain/10 2020-q4-major/bin/../lib/gcc/arm-none-eabi/10.2.1/../../../../arm-none-eabi/lib/thumb/v7e-m+dp/hard/crt0.o
 .ARM.extab     0x00000000        0x0 c:/program files (x86)/gnu arm embedded toolchain/10 2020-q4-major/bin/../lib/gcc/arm-none-eabi/10.2.1/../../../../arm-none-eabi/lib/thumb/v7e-m+dp/hard/crt0.o
 .ARM.exidx     0x00000000       0x10 c:/program files (x86)/gnu arm embedded toolchain/10 2020-q4-major/bin/../lib/gcc/arm-none-eabi/10.2.1/../../../../arm-none-eabi/lib/thumb/v7e-m+dp/hard/crt0.o
 .ARM.attributes
[...]
Memory Configuration

Name             Origin             Length             Attributes
DTCMRAM          0x20000000         0x00020000         xrw
RAM_D1           0x24000000         0x00050000         xrw
RAM_D2           0x30000000         0x00008000         xrw
RAM_D3           0x38000000         0x00004000         xrw
ITCMRAM          0x00000000         0x00010000         xrw
FLASH            0x08000000         0x00100000         xr
*default*        0x00000000         0xffffffff

Linker script and memory map

LOAD c:/program files (x86)/gnu arm embedded toolchain/10 2020-q4-major/bin/../lib/gcc/arm-none-eabi/10.2.1/thumb/v7e-m+dp/hard/crti.o
LOAD c:/program files (x86)/gnu arm embedded toolchain/10 2020-q4-major/bin/../lib/gcc/arm-none-eabi/10.2.1/thumb/v7e-m+dp/hard/crtbegin.o
LOAD c:/program files (x86)/gnu arm embedded toolchain/10 2020-q4-major/bin/../lib/gcc/arm-none-eabi/10.2.1/../../../../arm-none-eabi/lib/thumb/v7e-m+dp/hard/crt0.o
LOAD build/main.o
LOAD build/gpio.o
LOAD build/spi.o
LOAD build/usart.o
LOAD build/stm32h7xx_it.o
LOAD build/stm32h7xx_hal_msp.o
LOAD build/stm32h7xx_hal_cortex.o
LOAD build/stm32h7xx_hal_spi.o
LOAD build/stm32h7xx_hal_spi_ex.o
LOAD build/stm32h7xx_hal_rcc.o
LOAD build/stm32h7xx_hal_rcc_ex.o
LOAD build/stm32h7xx_hal_flash.o
LOAD build/stm32h7xx_hal_flash_ex.o
LOAD build/stm32h7xx_hal_gpio.o
LOAD build/stm32h7xx_hal_hsem.o
LOAD build/stm32h7xx_hal_dma.o
LOAD build/stm32h7xx_hal_dma_ex.o
LOAD build/stm32h7xx_hal_mdma.o
LOAD build/stm32h7xx_hal_pwr.o
LOAD build/stm32h7xx_hal_pwr_ex.o
LOAD build/stm32h7xx_hal.o
LOAD build/stm32h7xx_hal_i2c.o
LOAD build/stm32h7xx_hal_i2c_ex.o
LOAD build/stm32h7xx_hal_exti.o
LOAD build/stm32h7xx_hal_tim.o
LOAD build/stm32h7xx_hal_tim_ex.o
LOAD build/stm32h7xx_hal_uart.o
LOAD build/stm32h7xx_hal_uart_ex.o
LOAD build/system_stm32h7xx.o
LOAD build/ad5689.o
LOAD build/startup_stm32h723xx.o
LOAD c:/program files (x86)/gnu arm embedded toolchain/10 2020-q4-major/bin/../lib/gcc/arm-none-eabi/10.2.1/../../../../arm-none-eabi/lib/thumb/v7e-m+dp/hard\libc_nano.a
LOAD c:/program files (x86)/gnu arm embedded toolchain/10 2020-q4-major/bin/../lib/gcc/arm-none-eabi/10.2.1/../../../../arm-none-eabi/lib/thumb/v7e-m+dp/hard\libm.a
LOAD c:/program files (x86)/gnu arm embedded toolchain/10 2020-q4-major/bin/../lib/gcc/arm-none-eabi/10.2.1/../../../../arm-none-eabi/lib/thumb/v7e-m+dp/hard\libnosys.a
START GROUP
LOAD c:/program files (x86)/gnu arm embedded toolchain/10 2020-q4-major/bin/../lib/gcc/arm-none-eabi/10.2.1/thumb/v7e-m+dp/hard\libgcc.a
LOAD c:/program files (x86)/gnu arm embedded toolchain/10 2020-q4-major/bin/../lib/gcc/arm-none-eabi/10.2.1/../../../../arm-none-eabi/lib/thumb/v7e-m+dp/hard\libc_nano.a
END GROUP
START GROUP
LOAD c:/program files (x86)/gnu arm embedded toolchain/10 2020-q4-major/bin/../lib/gcc/arm-none-eabi/10.2.1/thumb/v7e-m+dp/hard\libgcc.a
LOAD c:/program files (x86)/gnu arm embedded toolchain/10 2020-q4-major/bin/../lib/gcc/arm-none-eabi/10.2.1/../../../../arm-none-eabi/lib/thumb/v7e-m+dp/hard\libc_nano.a
END GROUP
LOAD c:/program files (x86)/gnu arm embedded toolchain/10 2020-q4-major/bin/../lib/gcc/arm-none-eabi/10.2.1/thumb/v7e-m+dp/hard/crtend.o
LOAD c:/program files (x86)/gnu arm embedded toolchain/10 2020-q4-major/bin/../lib/gcc/arm-none-eabi/10.2.1/thumb/v7e-m+dp/hard/crtn.o
                0x20020000                _estack = (ORIGIN (DTCMRAM) + LENGTH (DTCMRAM))
                0x00000200                _Min_Heap_Size = 0x200
                0x00000400                _Min_Stack_Size = 0x400

.isr_vector     0x08000000      0x2cc
                0x08000000                . = ALIGN (0x4)
 *(.isr_vector)
 .isr_vector    0x08000000      0x2cc build/startup_stm32h723xx.o
                0x08000000                g_pfnVectors
                0x080002cc                . = ALIGN (0x4)

.text           0x080002cc     0x39cc
                0x080002cc                . = ALIGN (0x4)
 *(.text)
 .text          0x080002cc       0x40 c:/program files (x86)/gnu arm embedded toolchain/10 2020-q4-major/bin/../lib/gcc/arm-none-eabi/10.2.1/thumb/v7e-m+dp/hard/crtbegin.o
 .text          0x0800030c       0x30 c:/program files (x86)/gnu arm embedded toolchain/10 2020-q4-major/bin/../lib/gcc/arm-none-eabi/10.2.1/thumb/v7e-m+dp/hard\libgcc.a(_aeabi_uldivmod.o)
                0x0800030c                __aeabi_uldivmod
 .text          0x0800033c      0x2d0 c:/program files (x86)/gnu arm embedded toolchain/10 2020-q4-major/bin/../lib/gcc/arm-none-eabi/10.2.1/thumb/v7e-m+dp/hard\libgcc.a(_udivmoddi4.o)
                0x0800033c                __udivmoddi4
 .text          0x0800060c        0x4 c:/program files (x86)/gnu arm embedded toolchain/10 2020-q4-major/bin/../lib/gcc/arm-none-eabi/10.2.1/thumb/v7e-m+dp/hard\libgcc.a(_dvmd_tls.o)
                0x0800060c                __aeabi_idiv0
                0x0800060c                __aeabi_ldiv0
 *(.text*)
 .text.Error_Handler
                0x08000610        0x4 build/main.o
                0x08000610                Error_Handler
 .text.SystemClock_Config
                0x08000614       0xac build/main.o
                0x08000614                SystemClock_Config
 .text.main     0x080006c0       0x44 build/main.o
                0x080006c0                main
 .text.MX_GPIO_Init
                0x08000704       0xa0 build/gpio.o
                0x08000704                MX_GPIO_Init
 .text.MX_SPI1_Init
                0x080007a4       0x5c build/spi.o
                0x080007a4                MX_SPI1_Init
 .text.HAL_SPI_MspInit
                0x08000800       0x98 build/spi.o
                0x08000800                HAL_SPI_MspInit
 .text.MX_USART1_UART_Init
                0x08000898       0x68 build/usart.o
                0x08000898                MX_USART1_UART_Init
 .text.HAL_UART_MspInit
                0x08000900       0x98 build/usart.o
                0x08000900                HAL_UART_MspInit
 .text.NMI_Handler
                0x08000998        0x8 build/stm32h7xx_it.o
                0x08000998                NMI_Handler
 .text.HardFault_Handler
                0x080009a0        0x2 build/stm32h7xx_it.o
                0x080009a0                HardFault_Handler
 .text.MemManage_Handler
                0x080009a2        0x2 build/stm32h7xx_it.o
                0x080009a2                MemManage_Handler
 .text.BusFault_Handler
                0x080009a4        0x2 build/stm32h7xx_it.o
                0x080009a4                BusFault_Handler
 .text.UsageFault_Handler
                0x080009a6        0x2 build/stm32h7xx_it.o
                0x080009a6                UsageFault_Handler
 .text.SVC_Handler
                0x080009a8        0x2 build/stm32h7xx_it.o
                0x080009a8                SVC_Handler
 .text.DebugMon_Handler
                0x080009aa        0x2 build/stm32h7xx_it.o
                0x080009aa                DebugMon_Handler
 .text.PendSV_Handler
                0x080009ac        0x2 build/stm32h7xx_it.o
                0x080009ac                PendSV_Handler
 .text.SysTick_Handler
                0x080009ae        0x8 build/stm32h7xx_it.o
                0x080009ae                SysTick_Handler
 *fill*         0x080009b6        0x2 
 .text.HAL_MspInit
                0x080009b8       0x24 build/stm32h7xx_hal_msp.o
                0x080009b8                HAL_MspInit
 .text.HAL_NVIC_SetPriorityGrouping
                0x080009dc       0x24 build/stm32h7xx_hal_cortex.o
                0x080009dc                HAL_NVIC_SetPriorityGrouping
 .text.HAL_NVIC_SetPriority
                0x08000a00       0x6c build/stm32h7xx_hal_cortex.o
                0x08000a00                HAL_NVIC_SetPriority
 .text.HAL_SYSTICK_Config
                0x08000a6c       0x28 build/stm32h7xx_hal_cortex.o
                0x08000a6c                HAL_SYSTICK_Config
 .text.SPI_CloseTransfer
                0x08000a94       0xd0 build/stm32h7xx_hal_spi.o
 .text.SPI_GetPacketSize
                0x08000b64       0x10 build/stm32h7xx_hal_spi.o
 .text.SPI_WaitOnFlagUntilTimeout
                0x08000b74       0x46 build/stm32h7xx_hal_spi.o
 *fill*         0x08000bba        0x2 
 .text.HAL_SPI_Init
                0x08000bbc      0x190 build/stm32h7xx_hal_spi.o
                0x08000bbc                HAL_SPI_Init
 .text.HAL_SPI_TransmitReceive
                0x08000d4c      0x314 build/stm32h7xx_hal_spi.o
                0x08000d4c                HAL_SPI_TransmitReceive
 .text.HAL_RCC_OscConfig
                0x08001060      0x5ec build/stm32h7xx_hal_rcc.o
                0x08001060                HAL_RCC_OscConfig
 .text.HAL_RCC_EnableCSS
                0x0800164c       0x10 build/stm32h7xx_hal_rcc.o
                0x0800164c                HAL_RCC_EnableCSS
 .text.HAL_RCC_GetSysClockFreq
                0x0800165c      0x1f4 build/stm32h7xx_hal_rcc.o
                0x0800165c                HAL_RCC_GetSysClockFreq
 .text.HAL_RCC_ClockConfig
                0x08001850      0x294 build/stm32h7xx_hal_rcc.o
                0x08001850                HAL_RCC_ClockConfig
 .text.HAL_RCC_GetHCLKFreq
                0x08001ae4       0x44 build/stm32h7xx_hal_rcc.o
                0x08001ae4                HAL_RCC_GetHCLKFreq
 .text.HAL_RCC_GetPCLK1Freq
                0x08001b28       0x24 build/stm32h7xx_hal_rcc.o
                0x08001b28                HAL_RCC_GetPCLK1Freq
 .text.HAL_RCC_GetPCLK2Freq
                0x08001b4c       0x24 build/stm32h7xx_hal_rcc.o
                0x08001b4c                HAL_RCC_GetPCLK2Freq
 .text.HAL_RCC_CSSCallback
                0x08001b70        0x2 build/stm32h7xx_hal_rcc.o
                0x08001b70                HAL_RCC_CSSCallback
 *fill*         0x08001b72        0x2 
 .text.HAL_RCC_NMI_IRQHandler
                0x08001b74       0x20 build/stm32h7xx_hal_rcc.o
                0x08001b74                HAL_RCC_NMI_IRQHandler
 .text.RCCEx_PLL2_Config
                0x08001b94      0x10c build/stm32h7xx_hal_rcc_ex.o
 .text.RCCEx_PLL3_Config
                0x08001ca0      0x10c build/stm32h7xx_hal_rcc_ex.o
 .text.HAL_RCCEx_PeriphCLKConfig
                0x08001dac      0xa0c build/stm32h7xx_hal_rcc_ex.o
                0x08001dac                HAL_RCCEx_PeriphCLKConfig
 .text.HAL_RCCEx_GetD3PCLK1Freq
                0x080027b8       0x24 build/stm32h7xx_hal_rcc_ex.o
                0x080027b8                HAL_RCCEx_GetD3PCLK1Freq
 .text.HAL_RCCEx_GetPLL2ClockFreq
                0x080027dc      0x1f8 build/stm32h7xx_hal_rcc_ex.o
                0x080027dc                HAL_RCCEx_GetPLL2ClockFreq
 .text.HAL_RCCEx_GetPLL3ClockFreq
                0x080029d4      0x1f8 build/stm32h7xx_hal_rcc_ex.o
                0x080029d4                HAL_RCCEx_GetPLL3ClockFreq
 .text.HAL_GPIO_Init
                0x08002bcc      0x214 build/stm32h7xx_hal_gpio.o
                0x08002bcc                HAL_GPIO_Init
 .text.HAL_GPIO_WritePin
                0x08002de0        0xc build/stm32h7xx_hal_gpio.o
                0x08002de0                HAL_GPIO_WritePin
 .text.HAL_PWREx_ConfigSupply
                0x08002dec       0x54 build/stm32h7xx_hal_pwr_ex.o
                0x08002dec                HAL_PWREx_ConfigSupply
 .text.HAL_InitTick
                0x08002e40       0x50 build/stm32h7xx_hal.o
                0x08002e40                HAL_InitTick
 .text.HAL_Init
                0x08002e90       0x5c build/stm32h7xx_hal.o
                0x08002e90                HAL_Init
 .text.HAL_IncTick
                0x08002eec       0x18 build/stm32h7xx_hal.o
                0x08002eec                HAL_IncTick
 .text.HAL_GetTick
                0x08002f04        0xc build/stm32h7xx_hal.o
                0x08002f04                HAL_GetTick
 .text.HAL_Delay
                0x08002f10       0x28 build/stm32h7xx_hal.o
                0x08002f10                HAL_Delay
 .text.UART_EndRxTransfer
                0x08002f38       0x58 build/stm32h7xx_hal_uart.o
 .text.UART_SetConfig
                0x08002f90      0x6bc build/stm32h7xx_hal_uart.o
                0x08002f90                UART_SetConfig
 .text.UART_AdvFeatureConfig
                0x0800364c       0xca build/stm32h7xx_hal_uart.o
                0x0800364c                UART_AdvFeatureConfig
 .text.UART_WaitOnFlagUntilTimeout
                0x08003716       0x9a build/stm32h7xx_hal_uart.o
                0x08003716                UART_WaitOnFlagUntilTimeout
 .text.UART_CheckIdleState
                0x080037b0       0xca build/stm32h7xx_hal_uart.o
                0x080037b0                UART_CheckIdleState
 .text.HAL_UART_Init
                0x0800387a       0x66 build/stm32h7xx_hal_uart.o
                0x0800387a                HAL_UART_Init
 .text.UARTEx_SetNbDataToProcess
                0x080038e0       0x4c build/stm32h7xx_hal_uart_ex.o
 .text.HAL_UARTEx_DisableFifoMode
                0x0800392c       0x3e build/stm32h7xx_hal_uart_ex.o
                0x0800392c                HAL_UARTEx_DisableFifoMode
 .text.HAL_UARTEx_SetTxFifoThreshold
                0x0800396a       0x4a build/stm32h7xx_hal_uart_ex.o
                0x0800396a                HAL_UARTEx_SetTxFifoThreshold
 .text.HAL_UARTEx_SetRxFifoThreshold
                0x080039b4       0x4a build/stm32h7xx_hal_uart_ex.o
                0x080039b4                HAL_UARTEx_SetRxFifoThreshold
 *fill*         0x080039fe        0x2 
 .text.SystemInit
                0x08003a00       0xac build/system_stm32h7xx.o
                0x08003a00                SystemInit
 .text.ad5689_clr_pins
                0x08003aac       0x40 build/ad5689.o
 .text.ad5689_set_pins
                0x08003aec       0x44 build/ad5689.o
 .text.ad5689_send_recv_data
                0x08003b30       0x28 build/ad5689.o
 .text.ad5689_send_cmd
                0x08003b58       0x10 build/ad5689.o
 .text.ad5689_init
                0x08003b68       0x50 build/ad5689.o
                0x08003b68                ad5689_init
 .text.ad5689_set_dac
                0x08003bb8       0x1a build/ad5689.o
                0x08003bb8                ad5689_set_dac
 *fill*         0x08003bd2        0x2 
 .text.Reset_Handler
                0x08003bd4       0x50 build/startup_stm32h723xx.o
                0x08003bd4                Reset_Handler
 .text.Default_Handler
                0x08003c24        0x2 build/startup_stm32h723xx.o
                0x08003c24                RTC_Alarm_IRQHandler
                0x08003c24                EXTI2_IRQHandler
                0x08003c24                TIM8_CC_IRQHandler
                0x08003c24                UART8_IRQHandler
                0x08003c24                SPI4_IRQHandler
                0x08003c24                FDCAN3_IT0_IRQHandler
                0x08003c24                TIM1_CC_IRQHandler
                0x08003c24                BDMA_Channel6_IRQHandler
                0x08003c24                DMA2_Stream5_IRQHandler
                0x08003c24                DMA1_Stream5_IRQHandler
                0x08003c24                CORDIC_IRQHandler
                0x08003c24                BDMA_Channel1_IRQHandler
                0x08003c24                TAMP_STAMP_IRQHandler
                0x08003c24                EXTI3_IRQHandler
                0x08003c24                LPTIM4_IRQHandler
                0x08003c24                TIM8_TRG_COM_TIM14_IRQHandler
                0x08003c24                LPTIM2_IRQHandler
                0x08003c24                DFSDM1_FLT1_IRQHandler
                0x08003c24                DMAMUX2_OVR_IRQHandler
                0x08003c24                TIM8_UP_TIM13_IRQHandler
                0x08003c24                I2C3_ER_IRQHandler
                0x08003c24                DFSDM1_FLT2_IRQHandler
                0x08003c24                I2C5_EV_IRQHandler
                0x08003c24                USART10_IRQHandler
                0x08003c24                MDMA_IRQHandler
                0x08003c24                LPTIM3_IRQHandler
                0x08003c24                HSEM1_IRQHandler
                0x08003c24                EXTI0_IRQHandler
                0x08003c24                I2C2_EV_IRQHandler
                0x08003c24                DMA1_Stream2_IRQHandler
                0x08003c24                FPU_IRQHandler
                0x08003c24                OTG_HS_WKUP_IRQHandler
                0x08003c24                FDCAN1_IT1_IRQHandler
                0x08003c24                LTDC_ER_IRQHandler
                0x08003c24                DMA2_Stream2_IRQHandler
                0x08003c24                SPI1_IRQHandler
                0x08003c24                OCTOSPI1_IRQHandler
                0x08003c24                TIM6_DAC_IRQHandler
                0x08003c24                DMA2_Stream3_IRQHandler
                0x08003c24                OCTOSPI2_IRQHandler
                0x08003c24                DFSDM1_FLT3_IRQHandler
                0x08003c24                TIM23_IRQHandler
                0x08003c24                USART6_IRQHandler
                0x08003c24                TIM17_IRQHandler
                0x08003c24                USART3_IRQHandler
                0x08003c24                BDMA_Channel7_IRQHandler
                0x08003c24                LPTIM5_IRQHandler
                0x08003c24                UART5_IRQHandler
                0x08003c24                ADC3_IRQHandler
                0x08003c24                DMA2_Stream0_IRQHandler
                0x08003c24                TIM4_IRQHandler
                0x08003c24                BDMA_Channel2_IRQHandler
                0x08003c24                I2C1_EV_IRQHandler
                0x08003c24                DMA1_Stream6_IRQHandler
                0x08003c24                DMAMUX1_OVR_IRQHandler
                0x08003c24                DMA1_Stream1_IRQHandler
                0x08003c24                TIM16_IRQHandler
                0x08003c24                UART4_IRQHandler
                0x08003c24                BDMA_Channel5_IRQHandler
                0x08003c24                TIM3_IRQHandler
                0x08003c24                RCC_IRQHandler
                0x08003c24                UART9_IRQHandler
                0x08003c24                TIM8_BRK_TIM12_IRQHandler
                0x08003c24                TIM1_TRG_COM_IRQHandler
                0x08003c24                Default_Handler
                0x08003c24                ECC_IRQHandler
                0x08003c24                FMAC_IRQHandler
                0x08003c24                CEC_IRQHandler
                0x08003c24                EXTI15_10_IRQHandler
                0x08003c24                BDMA_Channel0_IRQHandler
                0x08003c24                ADC_IRQHandler
                0x08003c24                I2C5_ER_IRQHandler
                0x08003c24                DMA1_Stream7_IRQHandler
                0x08003c24                SPI5_IRQHandler
                0x08003c24                TIM7_IRQHandler
                0x08003c24                FDCAN3_IT1_IRQHandler
                0x08003c24                SDMMC1_IRQHandler
                0x08003c24                TIM5_IRQHandler
                0x08003c24                DMA2_Stream7_IRQHandler
                0x08003c24                TIM15_IRQHandler
                0x08003c24                PVD_AVD_IRQHandler
                0x08003c24                I2C3_EV_IRQHandler
                0x08003c24                EXTI9_5_IRQHandler
                0x08003c24                RTC_WKUP_IRQHandler
                0x08003c24                LTDC_IRQHandler
                0x08003c24                ETH_WKUP_IRQHandler
                0x08003c24                SPDIF_RX_IRQHandler
                0x08003c24                SPI2_IRQHandler
                0x08003c24                OTG_HS_EP1_IN_IRQHandler
                0x08003c24                DMA1_Stream0_IRQHandler
                0x08003c24                TIM24_IRQHandler
                0x08003c24                CRS_IRQHandler
                0x08003c24                EXTI4_IRQHandler
                0x08003c24                RNG_IRQHandler
                0x08003c24                FDCAN2_IT1_IRQHandler
                0x08003c24                ETH_IRQHandler
                0x08003c24                TIM1_UP_IRQHandler
                0x08003c24                BDMA_Channel4_IRQHandler
                0x08003c24                OTG_HS_EP1_OUT_IRQHandler
                0x08003c24                WWDG_IRQHandler
                0x08003c24                SPI6_IRQHandler
                0x08003c24                MDIOS_IRQHandler
                0x08003c24                I2C4_EV_IRQHandler
                0x08003c24                FDCAN2_IT0_IRQHandler
                0x08003c24                LPUART1_IRQHandler
                0x08003c24                FDCAN1_IT0_IRQHandler
                0x08003c24                TIM2_IRQHandler
                0x08003c24                OTG_HS_IRQHandler
                0x08003c24                DMA2D_IRQHandler
                0x08003c24                TIM1_BRK_IRQHandler
                0x08003c24                EXTI1_IRQHandler
                0x08003c24                SDMMC2_IRQHandler
                0x08003c24                BDMA_Channel3_IRQHandler
                0x08003c24                DTS_IRQHandler
                0x08003c24                UART7_IRQHandler
                0x08003c24                MDIOS_WKUP_IRQHandler
                0x08003c24                USART2_IRQHandler
                0x08003c24                DFSDM1_FLT0_IRQHandler
                0x08003c24                SAI4_IRQHandler
                0x08003c24                I2C2_ER_IRQHandler
                0x08003c24                DMA2_Stream1_IRQHandler
                0x08003c24                FLASH_IRQHandler
                0x08003c24                DMA2_Stream4_IRQHandler
                0x08003c24                USART1_IRQHandler
                0x08003c24                SPI3_IRQHandler
                0x08003c24                WAKEUP_PIN_IRQHandler
                0x08003c24                DMA1_Stream4_IRQHandler
                0x08003c24                I2C1_ER_IRQHandler
                0x08003c24                FMC_IRQHandler
                0x08003c24                FDCAN_CAL_IRQHandler
                0x08003c24                SWPMI1_IRQHandler
                0x08003c24                COMP1_IRQHandler
                0x08003c24                LPTIM1_IRQHandler
                0x08003c24                DCMI_PSSI_IRQHandler
                0x08003c24                I2C4_ER_IRQHandler
                0x08003c24                DMA2_Stream6_IRQHandler
                0x08003c24                SAI1_IRQHandler
                0x08003c24                DMA1_Stream3_IRQHandler
 *fill*         0x08003c26        0x2 
 .text.__libc_init_array
                0x08003c28       0x48 c:/program files (x86)/gnu arm embedded toolchain/10 2020-q4-major/bin/../lib/gcc/arm-none-eabi/10.2.1/../../../../arm-none-eabi/lib/thumb/v7e-m+dp/hard\libc_nano.a(lib_a-init.o)
                0x08003c28                __libc_init_array
 .text.memset   0x08003c70       0x10 c:/program files (x86)/gnu arm embedded toolchain/10 2020-q4-major/bin/../lib/gcc/arm-none-eabi/10.2.1/../../../../arm-none-eabi/lib/thumb/v7e-m+dp/hard\libc_nano.a(lib_a-memset.o)
                0x08003c70                memset
 *(.glue_7)
 .glue_7        0x08003c80        0x0 linker stubs
 *(.glue_7t)
 .glue_7t       0x08003c80        0x0 linker stubs
 *(.eh_frame)
 .eh_frame      0x08003c80        0x0 c:/program files (x86)/gnu arm embedded toolchain/10 2020-q4-major/bin/../lib/gcc/arm-none-eabi/10.2.1/thumb/v7e-m+dp/hard/crtbegin.o
 *(.init)
 .init          0x08003c80        0x4 c:/program files (x86)/gnu arm embedded toolchain/10 2020-q4-major/bin/../lib/gcc/arm-none-eabi/10.2.1/thumb/v7e-m+dp/hard/crti.o
                0x08003c80                _init
 .init          0x08003c84        0x8 c:/program files (x86)/gnu arm embedded toolchain/10 2020-q4-major/bin/../lib/gcc/arm-none-eabi/10.2.1/thumb/v7e-m+dp/hard/crtn.o
 *(.fini)
 .fini          0x08003c8c        0x4 c:/program files (x86)/gnu arm embedded toolchain/10 2020-q4-major/bin/../lib/gcc/arm-none-eabi/10.2.1/thumb/v7e-m+dp/hard/crti.o
                0x08003c8c                _fini
 .fini          0x08003c90        0x8 c:/program files (x86)/gnu arm embedded toolchain/10 2020-q4-major/bin/../lib/gcc/arm-none-eabi/10.2.1/thumb/v7e-m+dp/hard/crtn.o
                0x08003c98                . = ALIGN (0x4)
                0x08003c98                _etext = .

.vfp11_veneer   0x08003c98        0x0
 .vfp11_veneer  0x08003c98        0x0 linker stubs

.v4_bx          0x08003c98        0x0
 .v4_bx         0x08003c98        0x0 linker stubs

.iplt           0x08003c98        0x0
 .iplt          0x08003c98        0x0 c:/program files (x86)/gnu arm embedded toolchain/10 2020-q4-major/bin/../lib/gcc/arm-none-eabi/10.2.1/thumb/v7e-m+dp/hard/crtbegin.o

.rodata         0x08003c98       0x38
                0x08003c98                . = ALIGN (0x4)
 *(.rodata)
 *(.rodata*)
 .rodata.UARTPrescTable
                0x08003c98       0x18 build/stm32h7xx_hal_uart.o
                0x08003c98                UARTPrescTable
 .rodata.denominator.0
                0x08003cb0        0x8 build/stm32h7xx_hal_uart_ex.o
 .rodata.numerator.1
                0x08003cb8        0x8 build/stm32h7xx_hal_uart_ex.o
 .rodata.D1CorePrescTable
                0x08003cc0       0x10 build/system_stm32h7xx.o
                0x08003cc0                D1CorePrescTable
                0x08003cd0                . = ALIGN (0x4)

.ARM.extab
 *(.ARM.extab* .gnu.linkonce.armextab.*)

.ARM            0x08003cd0        0x8
                0x08003cd0                __exidx_start = .
 *(.ARM.exidx*)
 .ARM.exidx     0x08003cd0        0x8 c:/program files (x86)/gnu arm embedded toolchain/10 2020-q4-major/bin/../lib/gcc/arm-none-eabi/10.2.1/thumb/v7e-m+dp/hard\libgcc.a(_udivmoddi4.o)
                0x08003cd8                __exidx_end = .

.rel.dyn        0x08003cd8        0x0
 .rel.iplt      0x08003cd8        0x0 c:/program files (x86)/gnu arm embedded toolchain/10 2020-q4-major/bin/../lib/gcc/arm-none-eabi/10.2.1/thumb/v7e-m+dp/hard/crtbegin.o

.preinit_array  0x08003cd8        0x0
                0x08003cd8                PROVIDE (__preinit_array_start = .)
 *(.preinit_array*)
                0x08003cd8                PROVIDE (__preinit_array_end = .)

.init_array     0x08003cd8        0x4
                0x08003cd8                PROVIDE (__init_array_start = .)
 *(SORT_BY_NAME(.init_array.*))
 *(.init_array*)
 .init_array    0x08003cd8        0x4 c:/program files (x86)/gnu arm embedded toolchain/10 2020-q4-major/bin/../lib/gcc/arm-none-eabi/10.2.1/thumb/v7e-m+dp/hard/crtbegin.o
                0x08003cdc                PROVIDE (__init_array_end = .)

.fini_array     0x08003cdc        0x4
                [!provide]                PROVIDE (__fini_array_start = .)
 *(SORT_BY_NAME(.fini_array.*))
 *(.fini_array*)
 .fini_array    0x08003cdc        0x4 c:/program files (x86)/gnu arm embedded toolchain/10 2020-q4-major/bin/../lib/gcc/arm-none-eabi/10.2.1/thumb/v7e-m+dp/hard/crtbegin.o
                [!provide]                PROVIDE (__fini_array_end = .)
                0x08003ce0                _sidata = LOADADDR (.data)

.data           0x20000000       0x10 load address 0x08003ce0
                0x20000000                . = ALIGN (0x4)
                0x20000000                _sdata = .
 *(.data)
 *(.data*)
 .data.uwTickFreq
                0x20000000        0x1 build/stm32h7xx_hal.o
                0x20000000                uwTickFreq
 *fill*         0x20000001        0x3 
 .data.uwTickPrio
                0x20000004        0x4 build/stm32h7xx_hal.o
                0x20000004                uwTickPrio
 .data.SystemCoreClock
                0x20000008        0x4 build/system_stm32h7xx.o
                0x20000008                SystemCoreClock
 .data.SystemD2Clock
                0x2000000c        0x4 build/system_stm32h7xx.o
                0x2000000c                SystemD2Clock
                0x20000010                . = ALIGN (0x4)
                0x20000010                _edata = .

.igot.plt       0x20000010        0x0 load address 0x08003cf0
 .igot.plt      0x20000010        0x0 c:/program files (x86)/gnu arm embedded toolchain/10 2020-q4-major/bin/../lib/gcc/arm-none-eabi/10.2.1/thumb/v7e-m+dp/hard/crtbegin.o
                0x20000010                . = ALIGN (0x4)

.bss            0x20000010      0x150 load address 0x08003cf0
                0x20000010                _sbss = .
                0x20000010                __bss_start__ = _sbss
 *(.bss)
 .bss           0x20000010       0x1c c:/program files (x86)/gnu arm embedded toolchain/10 2020-q4-major/bin/../lib/gcc/arm-none-eabi/10.2.1/thumb/v7e-m+dp/hard/crtbegin.o
 *(.bss*)
 .bss.hspi1     0x2000002c       0x88 build/spi.o
                0x2000002c                hspi1
 .bss.huart1    0x200000b4       0x94 build/usart.o
                0x200000b4                huart1
 .bss.uwTick    0x20000148        0x4 build/stm32h7xx_hal.o
                0x20000148                uwTick
 .bss.ad5689_hspi
                0x2000014c        0x4 build/ad5689.o
 .bss.ad5689_ldac_gpio_group
                0x20000150        0x4 build/ad5689.o
 .bss.ad5689_ldac_gpio_pin
                0x20000154        0x2 build/ad5689.o
 *fill*         0x20000156        0x2 
 .bss.ad5689_rst_gpio_group
                0x20000158        0x4 build/ad5689.o
 .bss.ad5689_rst_gpio_pin
                0x2000015c        0x2 build/ad5689.o
 *(COMMON)
                0x20000160                . = ALIGN (0x4)
 *fill*         0x2000015e        0x2 
                0x20000160                _ebss = .
                0x20000160                __bss_end__ = _ebss

._user_heap_stack
                0x20000160      0x600 load address 0x08003cf0
                0x20000160                . = ALIGN (0x8)
                [!provide]                PROVIDE (end = .)
                [!provide]                PROVIDE (_end = .)
                0x20000360                . = (. + _Min_Heap_Size)
 *fill*         0x20000160      0x200 
                0x20000760                . = (. + _Min_Stack_Size)
 *fill*         0x20000360      0x400 
                0x20000760                . = ALIGN (0x8)

/DISCARD/
 libc.a(*)
 libm.a(*)
 libgcc.a(*)

.ARM.attributes
                0x00000000       0x2e
 *(.ARM.attributes)
 .ARM.attributes
                0x00000000       0x1e c:/program files (x86)/gnu arm embedded toolchain/10 2020-q4-major/bin/../lib/gcc/arm-none-eabi/10.2.1/thumb/v7e-m+dp/hard/crti.o
 .ARM.attributes
                0x0000001e       0x32 c:/program files (x86)/gnu arm embedded toolchain/10 2020-q4-major/bin/../lib/gcc/arm-none-eabi/10.2.1/thumb/v7e-m+dp/hard/crtbegin.o
 .ARM.attributes
                0x00000050       0x32 build/main.o
 .ARM.attributes
                0x00000082       0x32 build/gpio.o
 .ARM.attributes
                0x000000b4       0x32 build/spi.o
 .ARM.attributes
                0x000000e6       0x32 build/usart.o
 .ARM.attributes
                0x00000118       0x32 build/stm32h7xx_it.o
 .ARM.attributes
                0x0000014a       0x32 build/stm32h7xx_hal_msp.o
 .ARM.attributes
                0x0000017c       0x32 build/stm32h7xx_hal_cortex.o
 .ARM.attributes
                0x000001ae       0x32 build/stm32h7xx_hal_spi.o
 .ARM.attributes
                0x000001e0       0x32 build/stm32h7xx_hal_rcc.o
 .ARM.attributes
                0x00000212       0x32 build/stm32h7xx_hal_rcc_ex.o
 .ARM.attributes
                0x00000244       0x32 build/stm32h7xx_hal_gpio.o
 .ARM.attributes
                0x00000276       0x32 build/stm32h7xx_hal_pwr_ex.o
 .ARM.attributes
                0x000002a8       0x32 build/stm32h7xx_hal.o
 .ARM.attributes
                0x000002da       0x32 build/stm32h7xx_hal_uart.o
 .ARM.attributes
                0x0000030c       0x32 build/stm32h7xx_hal_uart_ex.o
 .ARM.attributes
                0x0000033e       0x32 build/system_stm32h7xx.o
 .ARM.attributes
                0x00000370       0x32 build/ad5689.o
 .ARM.attributes
                0x000003a2       0x21 build/startup_stm32h723xx.o
 .ARM.attributes
                0x000003c3       0x32 c:/program files (x86)/gnu arm embedded toolchain/10 2020-q4-major/bin/../lib/gcc/arm-none-eabi/10.2.1/../../../../arm-none-eabi/lib/thumb/v7e-m+dp/hard\libc_nano.a(lib_a-init.o)
 .ARM.attributes
                0x000003f5       0x32 c:/program files (x86)/gnu arm embedded toolchain/10 2020-q4-major/bin/../lib/gcc/arm-none-eabi/10.2.1/../../../../arm-none-eabi/lib/thumb/v7e-m+dp/hard\libc_nano.a(lib_a-memset.o)
 .ARM.attributes
                0x00000427       0x1e c:/program files (x86)/gnu arm embedded toolchain/10 2020-q4-major/bin/../lib/gcc/arm-none-eabi/10.2.1/thumb/v7e-m+dp/hard\libgcc.a(_aeabi_uldivmod.o)
 .ARM.attributes
                0x00000445       0x32 c:/program files (x86)/gnu arm embedded toolchain/10 2020-q4-major/bin/../lib/gcc/arm-none-eabi/10.2.1/thumb/v7e-m+dp/hard\libgcc.a(_udivmoddi4.o)
 .ARM.attributes
                0x00000477       0x1e c:/program files (x86)/gnu arm embedded toolchain/10 2020-q4-major/bin/../lib/gcc/arm-none-eabi/10.2.1/thumb/v7e-m+dp/hard\libgcc.a(_dvmd_tls.o)
 .ARM.attributes
                0x00000495       0x1e c:/program files (x86)/gnu arm embedded toolchain/10 2020-q4-major/bin/../lib/gcc/arm-none-eabi/10.2.1/thumb/v7e-m+dp/hard/crtn.o
OUTPUT(build/ad5689.elf elf32-littlearm)
LOAD linker stubs
LOAD c:/program files (x86)/gnu arm embedded toolchain/10 2020-q4-major/bin/../lib/gcc/arm-none-eabi/10.2.1/../../../../arm-none-eabi/lib/thumb/v7e-m+dp/hard\libc.a
LOAD c:/program files (x86)/gnu arm embedded toolchain/10 2020-q4-major/bin/../lib/gcc/arm-none-eabi/10.2.1/../../../../arm-none-eabi/lib/thumb/v7e-m+dp/hard\libm.a
LOAD c:/program files (x86)/gnu arm embedded toolchain/10 2020-q4-major/bin/../lib/gcc/arm-none-eabi/10.2.1/thumb/v7e-m+dp/hard\libgcc.a

.debug_info     0x00000000    0x1766b
 .debug_info    0x00000000      0xe89 build/main.o
 .debug_info    0x00000e89      0x755 build/gpio.o
 .debug_info    0x000015de     0x132f build/spi.o
 .debug_info    0x0000290d     0x13a4 build/usart.o
 .debug_info    0x00003cb1      0x18e build/stm32h7xx_it.o
 .debug_info    0x00003e3f      0x543 build/stm32h7xx_hal_msp.o
 .debug_info    0x00004382     0x14fb build/stm32h7xx_hal_cortex.o
 .debug_info    0x0000587d     0x1d1c build/stm32h7xx_hal_spi.o
 .debug_info    0x00007599     0x1281 build/stm32h7xx_hal_rcc.o
 .debug_info    0x0000881a     0x1c66 build/stm32h7xx_hal_rcc_ex.o
 .debug_info    0x0000a480      0xef0 build/stm32h7xx_hal_gpio.o
 .debug_info    0x0000b370     0x114d build/stm32h7xx_hal_pwr_ex.o
 .debug_info    0x0000c4bd     0x1a79 build/stm32h7xx_hal.o
 .debug_info    0x0000df36     0x6a19 build/stm32h7xx_hal_uart.o
 .debug_info    0x0001494f     0x137b build/stm32h7xx_hal_uart_ex.o
 .debug_info    0x00015cca      0xcbb build/system_stm32h7xx.o
 .debug_info    0x00016985      0xcc4 build/ad5689.o
 .debug_info    0x00017649       0x22 build/startup_stm32h723xx.o

.debug_abbrev   0x00000000     0x2599
 .debug_abbrev  0x00000000      0x242 build/main.o
 .debug_abbrev  0x00000242      0x174 build/gpio.o
 .debug_abbrev  0x000003b6      0x1ff build/spi.o
 .debug_abbrev  0x000005b5      0x1ff build/usart.o
 .debug_abbrev  0x000007b4       0x81 build/stm32h7xx_it.o
 .debug_abbrev  0x00000835       0xc8 build/stm32h7xx_hal_msp.o
 .debug_abbrev  0x000008fd      0x395 build/stm32h7xx_hal_cortex.o
 .debug_abbrev  0x00000c92      0x2f3 build/stm32h7xx_hal_spi.o
 .debug_abbrev  0x00000f85      0x27d build/stm32h7xx_hal_rcc.o
 .debug_abbrev  0x00001202      0x286 build/stm32h7xx_hal_rcc_ex.o
 .debug_abbrev  0x00001488      0x253 build/stm32h7xx_hal_gpio.o
 .debug_abbrev  0x000016db      0x2b6 build/stm32h7xx_hal_pwr_ex.o
 .debug_abbrev  0x00001991      0x26a build/stm32h7xx_hal.o
 .debug_abbrev  0x00001bfb      0x363 build/stm32h7xx_hal_uart.o
 .debug_abbrev  0x00001f5e      0x308 build/stm32h7xx_hal_uart_ex.o
 .debug_abbrev  0x00002266      0x12a build/system_stm32h7xx.o
 .debug_abbrev  0x00002390      0x1f7 build/ad5689.o
 .debug_abbrev  0x00002587       0x12 build/startup_stm32h723xx.o

.debug_loc      0x00000000     0xd776
 .debug_loc     0x00000000       0xa2 build/main.o
 .debug_loc     0x000000a2       0x38 build/gpio.o
 .debug_loc     0x000000da       0xea build/spi.o
 .debug_loc     0x000001c4       0xea build/usart.o
 .debug_loc     0x000002ae       0x40 build/stm32h7xx_it.o
 .debug_loc     0x000002ee       0x2c build/stm32h7xx_hal_msp.o
 .debug_loc     0x0000031a      0x786 build/stm32h7xx_hal_cortex.o
 .debug_loc     0x00000aa0     0x1eb1 build/stm32h7xx_hal_spi.o
 .debug_loc     0x00002951      0xa66 build/stm32h7xx_hal_rcc.o
 .debug_loc     0x000033b7     0x1d25 build/stm32h7xx_hal_rcc_ex.o
 .debug_loc     0x000050dc      0x482 build/stm32h7xx_hal_gpio.o
 .debug_loc     0x0000555e      0x5ab build/stm32h7xx_hal_pwr_ex.o
 .debug_loc     0x00005b09      0x526 build/stm32h7xx_hal.o
 .debug_loc     0x0000602f     0x6408 build/stm32h7xx_hal_uart.o
 .debug_loc     0x0000c437      0xd7d build/stm32h7xx_hal_uart_ex.o
 .debug_loc     0x0000d1b4      0x1d8 build/system_stm32h7xx.o
 .debug_loc     0x0000d38c      0x3ea build/ad5689.o

.debug_aranges  0x00000000      0xbf8
 .debug_aranges
                0x00000000       0x30 build/main.o
 .debug_aranges
                0x00000030       0x20 build/gpio.o
 .debug_aranges
                0x00000050       0x30 build/spi.o
 .debug_aranges
                0x00000080       0x30 build/usart.o
 .debug_aranges
                0x000000b0       0x60 build/stm32h7xx_it.o
 .debug_aranges
                0x00000110       0x20 build/stm32h7xx_hal_msp.o
 .debug_aranges
                0x00000130       0xb0 build/stm32h7xx_hal_cortex.o
 .debug_aranges
                0x000001e0      0x1a8 build/stm32h7xx_hal_spi.o
 .debug_aranges
                0x00000388       0x88 build/stm32h7xx_hal_rcc.o
 .debug_aranges
                0x00000410       0xf8 build/stm32h7xx_hal_rcc_ex.o
 .debug_aranges
                0x00000508       0x58 build/stm32h7xx_hal_gpio.o
 .debug_aranges
                0x00000560      0x148 build/stm32h7xx_hal_pwr_ex.o
 .debug_aranges
                0x000006a8      0x1c8 build/stm32h7xx_hal.o
 .debug_aranges
                0x00000870      0x248 build/stm32h7xx_hal_uart.o
 .debug_aranges
                0x00000ab8       0xa8 build/stm32h7xx_hal_uart_ex.o
 .debug_aranges
                0x00000b60       0x28 build/system_stm32h7xx.o
 .debug_aranges
                0x00000b88       0x48 build/ad5689.o
 .debug_aranges
                0x00000bd0       0x28 build/startup_stm32h723xx.o

.debug_ranges   0x00000000      0xc10
 .debug_ranges  0x00000000       0x20 build/main.o
 .debug_ranges  0x00000020       0x10 build/gpio.o
 .debug_ranges  0x00000030       0x20 build/spi.o
 .debug_ranges  0x00000050       0x20 build/usart.o
 .debug_ranges  0x00000070       0x50 build/stm32h7xx_it.o
 .debug_ranges  0x000000c0       0x10 build/stm32h7xx_hal_msp.o
 .debug_ranges  0x000000d0      0x100 build/stm32h7xx_hal_cortex.o
 .debug_ranges  0x000001d0      0x198 build/stm32h7xx_hal_spi.o
 .debug_ranges  0x00000368       0xe8 build/stm32h7xx_hal_rcc.o
 .debug_ranges  0x00000450       0xe8 build/stm32h7xx_hal_rcc_ex.o
 .debug_ranges  0x00000538       0x48 build/stm32h7xx_hal_gpio.o
 .debug_ranges  0x00000580      0x198 build/stm32h7xx_hal_pwr_ex.o
 .debug_ranges  0x00000718      0x1b8 build/stm32h7xx_hal.o
 .debug_ranges  0x000008d0      0x238 build/stm32h7xx_hal_uart.o
 .debug_ranges  0x00000b08       0x98 build/stm32h7xx_hal_uart_ex.o
 .debug_ranges  0x00000ba0       0x18 build/system_stm32h7xx.o
 .debug_ranges  0x00000bb8       0x38 build/ad5689.o
 .debug_ranges  0x00000bf0       0x20 build/startup_stm32h723xx.o

.debug_line     0x00000000    0x1028a
 .debug_line    0x00000000      0x3e8 build/main.o
 .debug_line    0x000003e8      0x1dc build/gpio.o
 .debug_line    0x000005c4      0x3a2 build/spi.o
 .debug_line    0x00000966      0x38e build/usart.o
 .debug_line    0x00000cf4      0x18f build/stm32h7xx_it.o
 .debug_line    0x00000e83      0x174 build/stm32h7xx_hal_msp.o
 .debug_line    0x00000ff7      0x7a7 build/stm32h7xx_hal_cortex.o
 .debug_line    0x0000179e     0x2448 build/stm32h7xx_hal_spi.o
 .debug_line    0x00003be6     0x1258 build/stm32h7xx_hal_rcc.o
 .debug_line    0x00004e3e     0x1e65 build/stm32h7xx_hal_rcc_ex.o
 .debug_line    0x00006ca3      0x6c7 build/stm32h7xx_hal_gpio.o
 .debug_line    0x0000736a      0x9cb build/stm32h7xx_hal_pwr_ex.o
 .debug_line    0x00007d35      0x974 build/stm32h7xx_hal.o
 .debug_line    0x000086a9     0x676b build/stm32h7xx_hal_uart.o
 .debug_line    0x0000ee14      0xc8c build/stm32h7xx_hal_uart_ex.o
 .debug_line    0x0000faa0      0x453 build/system_stm32h7xx.o
 .debug_line    0x0000fef3      0x321 build/ad5689.o
 .debug_line    0x00010214       0x76 build/startup_stm32h723xx.o

.debug_str      0x00000000     0x4a2a
 .debug_str     0x00000000      0x9cd build/main.o
                                0xaa0 (size before relaxing)
 .debug_str     0x000009cd      0x287 build/gpio.o
                                0x479 (size before relaxing)
 .debug_str     0x00000c54      0x390 build/spi.o
                                0xe0f (size before relaxing)
 .debug_str     0x00000fe4      0x287 build/usart.o
                                0xe1c (size before relaxing)
 .debug_str     0x0000126b       0xcb build/stm32h7xx_it.o
                                0x22c (size before relaxing)
 .debug_str     0x00001336       0x29 build/stm32h7xx_hal_msp.o
                                0x3c8 (size before relaxing)
 .debug_str     0x0000135f      0xd72 build/stm32h7xx_hal_cortex.o
                                0xfdf (size before relaxing)
 .debug_str     0x000020d1      0x57c build/stm32h7xx_hal_spi.o
                                0xd7c (size before relaxing)
 .debug_str     0x0000264d      0x2d9 build/stm32h7xx_hal_rcc.o
                                0x991 (size before relaxing)
 .debug_str     0x00002926      0x678 build/stm32h7xx_hal_rcc_ex.o
                                0xed3 (size before relaxing)
 .debug_str     0x00002f9e      0x157 build/stm32h7xx_hal_gpio.o
                                0x6ac (size before relaxing)
 .debug_str     0x000030f5      0x51f build/stm32h7xx_hal_pwr_ex.o
                                0x98a (size before relaxing)
 .debug_str     0x00003614      0x744 build/stm32h7xx_hal.o
                               0x1568 (size before relaxing)
 .debug_str     0x00003d58      0x8df build/stm32h7xx_hal_uart.o
                               0x1489 (size before relaxing)
 .debug_str     0x00004637      0x246 build/stm32h7xx_hal_uart_ex.o
                                0xb72 (size before relaxing)
 .debug_str     0x0000487d       0x3d build/system_stm32h7xx.o
                                0x673 (size before relaxing)
 .debug_str     0x000048ba      0x14c build/ad5689.o
                                0x96d (size before relaxing)
 .debug_str     0x00004a06       0x24 build/startup_stm32h723xx.o
                                 0x3e (size before relaxing)

.comment        0x00000000       0x4d
 .comment       0x00000000       0x4d build/main.o
                                 0x4e (size before relaxing)
 .comment       0x0000004d       0x4e build/gpio.o
 .comment       0x0000004d       0x4e build/spi.o
 .comment       0x0000004d       0x4e build/usart.o
 .comment       0x0000004d       0x4e build/stm32h7xx_it.o
 .comment       0x0000004d       0x4e build/stm32h7xx_hal_msp.o
 .comment       0x0000004d       0x4e build/stm32h7xx_hal_cortex.o
 .comment       0x0000004d       0x4e build/stm32h7xx_hal_spi.o
 .comment       0x0000004d       0x4e build/stm32h7xx_hal_rcc.o
 .comment       0x0000004d       0x4e build/stm32h7xx_hal_rcc_ex.o
 .comment       0x0000004d       0x4e build/stm32h7xx_hal_gpio.o
 .comment       0x0000004d       0x4e build/stm32h7xx_hal_pwr_ex.o
 .comment       0x0000004d       0x4e build/stm32h7xx_hal.o
 .comment       0x0000004d       0x4e build/stm32h7xx_hal_uart.o
 .comment       0x0000004d       0x4e build/stm32h7xx_hal_uart_ex.o
 .comment       0x0000004d       0x4e build/system_stm32h7xx.o
 .comment       0x0000004d       0x4e build/ad5689.o

.debug_frame    0x00000000     0x1d68
 .debug_frame   0x00000000       0x5c build/main.o
 .debug_frame   0x0000005c       0x30 build/gpio.o
 .debug_frame   0x0000008c       0x64 build/spi.o
 .debug_frame   0x000000f0       0x64 build/usart.o
 .debug_frame   0x00000154       0xb0 build/stm32h7xx_it.o
 .debug_frame   0x00000204       0x28 build/stm32h7xx_hal_msp.o
 .debug_frame   0x0000022c      0x158 build/stm32h7xx_hal_cortex.o
 .debug_frame   0x00000384      0x4b8 build/stm32h7xx_hal_spi.o
 .debug_frame   0x0000083c      0x184 build/stm32h7xx_hal_rcc.o
 .debug_frame   0x000009c0      0x26c build/stm32h7xx_hal_rcc_ex.o
 .debug_frame   0x00000c2c       0xd4 build/stm32h7xx_hal_gpio.o
 .debug_frame   0x00000d00      0x2d4 build/stm32h7xx_hal_pwr_ex.o
 .debug_frame   0x00000fd4      0x3c0 build/stm32h7xx_hal.o
 .debug_frame   0x00001394      0x680 build/stm32h7xx_hal_uart.o
 .debug_frame   0x00001a14      0x1c8 build/stm32h7xx_hal_uart_ex.o
 .debug_frame   0x00001bdc       0x3c build/system_stm32h7xx.o
 .debug_frame   0x00001c18       0xa4 build/ad5689.o
 .debug_frame   0x00001cbc       0x2c c:/program files (x86)/gnu arm embedded toolchain/10 2020-q4-major/bin/../lib/gcc/arm-none-eabi/10.2.1/../../../../arm-none-eabi/lib/thumb/v7e-m+dp/hard\libc_nano.a(lib_a-init.o)
 .debug_frame   0x00001ce8       0x20 c:/program files (x86)/gnu arm embedded toolchain/10 2020-q4-major/bin/../lib/gcc/arm-none-eabi/10.2.1/../../../../arm-none-eabi/lib/thumb/v7e-m+dp/hard\libc_nano.a(lib_a-memset.o)
 .debug_frame   0x00001d08       0x2c c:/program files (x86)/gnu arm embedded toolchain/10 2020-q4-major/bin/../lib/gcc/arm-none-eabi/10.2.1/thumb/v7e-m+dp/hard\libgcc.a(_aeabi_uldivmod.o)
 .debug_frame   0x00001d34       0x34 c:/program files (x86)/gnu arm embedded toolchain/10 2020-q4-major/bin/../lib/gcc/arm-none-eabi/10.2.1/thumb/v7e-m+dp/hard\libgcc.a(_udivmoddi4.o)

Cross Reference Table

Symbol                                            File
ADC3_IRQHandler                                   build/startup_stm32h723xx.o
ADC_IRQHandler                                    build/startup_stm32h723xx.o
BDMA_Channel0_IRQHandler                          build/startup_stm32h723xx.o
BDMA_Channel1_IRQHandler                          build/startup_stm32h723xx.o
BDMA_Channel2_IRQHandler                          build/startup_stm32h723xx.o
BDMA_Channel3_IRQHandler                          build/startup_stm32h723xx.o
BDMA_Channel4_IRQHandler                          build/startup_stm32h723xx.o
BDMA_Channel5_IRQHandler                          build/startup_stm32h723xx.o
BDMA_Channel6_IRQHandler                          build/startup_stm32h723xx.o
BDMA_Channel7_IRQHandler                          build/startup_stm32h723xx.o
BusFault_Handler                                  build/stm32h7xx_it.o
CEC_IRQHandler                                    build/startup_stm32h723xx.o
COMP1_IRQHandler                                  build/startup_stm32h723xx.o
CORDIC_IRQHandler                                 build/startup_stm32h723xx.o
CRS_IRQHandler                                    build/startup_stm32h723xx.o
D1CorePrescTable                                  build/system_stm32h7xx.o
                                                  build/stm32h7xx_hal.o
                                                  build/stm32h7xx_hal_rcc_ex.o
                                                  build/stm32h7xx_hal_rcc.o
DCMI_PSSI_IRQHandler                              build/startup_stm32h723xx.o
DFSDM1_FLT0_IRQHandler                            build/startup_stm32h723xx.o
DFSDM1_FLT1_IRQHandler                            build/startup_stm32h723xx.o
DFSDM1_FLT2_IRQHandler                            build/startup_stm32h723xx.o
DFSDM1_FLT3_IRQHandler                            build/startup_stm32h723xx.o
DMA1_Stream0_IRQHandler                           build/startup_stm32h723xx.o
DMA1_Stream1_IRQHandler                           build/startup_stm32h723xx.o
DMA1_Stream2_IRQHandler                           build/startup_stm32h723xx.o
DMA1_Stream3_IRQHandler                           build/startup_stm32h723xx.o
DMA1_Stream4_IRQHandler                           build/startup_stm32h723xx.o
DMA1_Stream5_IRQHandler                           build/startup_stm32h723xx.o
DMA1_Stream6_IRQHandler                           build/startup_stm32h723xx.o
DMA1_Stream7_IRQHandler                           build/startup_stm32h723xx.o
DMA2D_IRQHandler                                  build/startup_stm32h723xx.o
DMA2_Stream0_IRQHandler                           build/startup_stm32h723xx.o
DMA2_Stream1_IRQHandler                           build/startup_stm32h723xx.o
DMA2_Stream2_IRQHandler                           build/startup_stm32h723xx.o
DMA2_Stream3_IRQHandler                           build/startup_stm32h723xx.o
DMA2_Stream4_IRQHandler                           build/startup_stm32h723xx.o
DMA2_Stream5_IRQHandler                           build/startup_stm32h723xx.o
DMA2_Stream6_IRQHandler                           build/startup_stm32h723xx.o
DMA2_Stream7_IRQHandler                           build/startup_stm32h723xx.o
DMAMUX1_OVR_IRQHandler                            build/startup_stm32h723xx.o
DMAMUX2_OVR_IRQHandler                            build/startup_stm32h723xx.o
DTS_IRQHandler                                    build/startup_stm32h723xx.o
DebugMon_Handler                                  build/stm32h7xx_it.o
Default_Handler                                   build/startup_stm32h723xx.o
ECC_IRQHandler                                    build/startup_stm32h723xx.o
ETH_IRQHandler                                    build/startup_stm32h723xx.o
ETH_WKUP_IRQHandler                               build/startup_stm32h723xx.o
EXTI0_IRQHandler                                  build/startup_stm32h723xx.o
EXTI15_10_IRQHandler                              build/startup_stm32h723xx.o
EXTI1_IRQHandler                                  build/startup_stm32h723xx.o
EXTI2_IRQHandler                                  build/startup_stm32h723xx.o
EXTI3_IRQHandler                                  build/startup_stm32h723xx.o
EXTI4_IRQHandler                                  build/startup_stm32h723xx.o
EXTI9_5_IRQHandler                                build/startup_stm32h723xx.o
Error_Handler                                     build/main.o
                                                  build/usart.o
                                                  build/spi.o
FDCAN1_IT0_IRQHandler                             build/startup_stm32h723xx.o
FDCAN1_IT1_IRQHandler                             build/startup_stm32h723xx.o
FDCAN2_IT0_IRQHandler                             build/startup_stm32h723xx.o
FDCAN2_IT1_IRQHandler                             build/startup_stm32h723xx.o
FDCAN3_IT0_IRQHandler                             build/startup_stm32h723xx.o
FDCAN3_IT1_IRQHandler                             build/startup_stm32h723xx.o
FDCAN_CAL_IRQHandler                              build/startup_stm32h723xx.o
FLASH_CRC_WaitForLastOperation                    build/stm32h7xx_hal_flash.o
                                                  build/stm32h7xx_hal_flash_ex.o
FLASH_Erase_Sector                                build/stm32h7xx_hal_flash_ex.o
                                                  build/stm32h7xx_hal_flash.o
FLASH_IRQHandler                                  build/startup_stm32h723xx.o
FLASH_OB_WaitForLastOperation                     build/stm32h7xx_hal_flash.o
                                                  build/stm32h7xx_hal_flash_ex.o
FLASH_WaitForLastOperation                        build/stm32h7xx_hal_flash.o
                                                  build/stm32h7xx_hal_flash_ex.o
FMAC_IRQHandler                                   build/startup_stm32h723xx.o
FMC_IRQHandler                                    build/startup_stm32h723xx.o
FPU_IRQHandler                                    build/startup_stm32h723xx.o
HAL_DBGMCU_DisableDBGSleepMode                    build/stm32h7xx_hal.o
HAL_DBGMCU_DisableDBGStandbyMode                  build/stm32h7xx_hal.o
HAL_DBGMCU_DisableDBGStopMode                     build/stm32h7xx_hal.o
HAL_DBGMCU_EnableDBGSleepMode                     build/stm32h7xx_hal.o
HAL_DBGMCU_EnableDBGStandbyMode                   build/stm32h7xx_hal.o
HAL_DBGMCU_EnableDBGStopMode                      build/stm32h7xx_hal.o
HAL_DMAEx_ChangeMemory                            build/stm32h7xx_hal_dma_ex.o
HAL_DMAEx_ConfigMuxRequestGenerator               build/stm32h7xx_hal_dma_ex.o
HAL_DMAEx_ConfigMuxSync                           build/stm32h7xx_hal_dma_ex.o
HAL_DMAEx_DisableMuxRequestGenerator              build/stm32h7xx_hal_dma_ex.o
HAL_DMAEx_EnableMuxRequestGenerator               build/stm32h7xx_hal_dma_ex.o
HAL_DMAEx_MUX_IRQHandler                          build/stm32h7xx_hal_dma_ex.o
HAL_DMAEx_MultiBufferStart                        build/stm32h7xx_hal_dma_ex.o
HAL_DMAEx_MultiBufferStart_IT                     build/stm32h7xx_hal_dma_ex.o
HAL_DMA_Abort                                     build/stm32h7xx_hal_dma.o
                                                  build/stm32h7xx_hal_uart.o
                                                  build/stm32h7xx_hal_spi.o
HAL_DMA_Abort_IT                                  build/stm32h7xx_hal_dma.o
                                                  build/stm32h7xx_hal_uart.o
                                                  build/stm32h7xx_hal_i2c.o
                                                  build/stm32h7xx_hal_spi.o
HAL_DMA_DeInit                                    build/stm32h7xx_hal_dma.o
HAL_DMA_GetError                                  build/stm32h7xx_hal_dma.o
                                                  build/stm32h7xx_hal_uart.o
                                                  build/stm32h7xx_hal_i2c.o
                                                  build/stm32h7xx_hal_spi.o
HAL_DMA_GetState                                  build/stm32h7xx_hal_dma.o
                                                  build/stm32h7xx_hal_i2c.o
HAL_DMA_IRQHandler                                build/stm32h7xx_hal_dma.o
HAL_DMA_Init                                      build/stm32h7xx_hal_dma.o
HAL_DMA_PollForTransfer                           build/stm32h7xx_hal_dma.o
HAL_DMA_RegisterCallback                          build/stm32h7xx_hal_dma.o
HAL_DMA_Start                                     build/stm32h7xx_hal_dma.o
HAL_DMA_Start_IT                                  build/stm32h7xx_hal_dma.o
                                                  build/stm32h7xx_hal_uart.o
                                                  build/stm32h7xx_hal_i2c.o
                                                  build/stm32h7xx_hal_spi.o
HAL_DMA_UnRegisterCallback                        build/stm32h7xx_hal_dma.o
HAL_DeInit                                        build/stm32h7xx_hal.o
HAL_Delay                                         build/stm32h7xx_hal.o
                                                  build/ad5689.o
HAL_DisableCompensationCell                       build/stm32h7xx_hal.o
HAL_DisableDomain3DBGStandbyMode                  build/stm32h7xx_hal.o
HAL_DisableDomain3DBGStopMode                     build/stm32h7xx_hal.o
HAL_EXTI_ClearConfigLine                          build/stm32h7xx_hal_exti.o
HAL_EXTI_ClearPending                             build/stm32h7xx_hal_exti.o
HAL_EXTI_D1_ClearFlag                             build/stm32h7xx_hal.o
HAL_EXTI_D1_EventInputConfig                      build/stm32h7xx_hal.o
HAL_EXTI_D3_EventInputConfig                      build/stm32h7xx_hal.o
HAL_EXTI_EdgeConfig                               build/stm32h7xx_hal.o
HAL_EXTI_GenerateSWI                              build/stm32h7xx_hal_exti.o
HAL_EXTI_GenerateSWInterrupt                      build/stm32h7xx_hal.o
HAL_EXTI_GetConfigLine                            build/stm32h7xx_hal_exti.o
HAL_EXTI_GetHandle                                build/stm32h7xx_hal_exti.o
HAL_EXTI_GetPending                               build/stm32h7xx_hal_exti.o
HAL_EXTI_IRQHandler                               build/stm32h7xx_hal_exti.o
HAL_EXTI_RegisterCallback                         build/stm32h7xx_hal_exti.o
HAL_EXTI_SetConfigLine                            build/stm32h7xx_hal_exti.o
HAL_EnableCompensationCell                        build/stm32h7xx_hal.o
HAL_EnableDomain3DBGStandbyMode                   build/stm32h7xx_hal.o
HAL_EnableDomain3DBGStopMode                      build/stm32h7xx_hal.o
HAL_FLASHEx_ComputeCRC                            build/stm32h7xx_hal_flash_ex.o
HAL_FLASHEx_Erase                                 build/stm32h7xx_hal_flash_ex.o
HAL_FLASHEx_Erase_IT                              build/stm32h7xx_hal_flash_ex.o
HAL_FLASHEx_Lock_Bank1                            build/stm32h7xx_hal_flash_ex.o
HAL_FLASHEx_OBGetConfig                           build/stm32h7xx_hal_flash_ex.o
HAL_FLASHEx_OBProgram                             build/stm32h7xx_hal_flash_ex.o
HAL_FLASHEx_Unlock_Bank1                          build/stm32h7xx_hal_flash_ex.o
HAL_FLASH_EndOfOperationCallback                  build/stm32h7xx_hal_flash.o
HAL_FLASH_GetError                                build/stm32h7xx_hal_flash.o
HAL_FLASH_IRQHandler                              build/stm32h7xx_hal_flash.o
HAL_FLASH_Lock                                    build/stm32h7xx_hal_flash.o
HAL_FLASH_OB_Launch                               build/stm32h7xx_hal_flash.o
HAL_FLASH_OB_Lock                                 build/stm32h7xx_hal_flash.o
HAL_FLASH_OB_Unlock                               build/stm32h7xx_hal_flash.o
HAL_FLASH_OperationErrorCallback                  build/stm32h7xx_hal_flash.o
HAL_FLASH_Program                                 build/stm32h7xx_hal_flash.o
HAL_FLASH_Program_IT                              build/stm32h7xx_hal_flash.o
HAL_FLASH_Unlock                                  build/stm32h7xx_hal_flash.o
HAL_GPIO_DeInit                                   build/stm32h7xx_hal_gpio.o
                                                  build/usart.o
                                                  build/spi.o
HAL_GPIO_EXTI_Callback                            build/stm32h7xx_hal_gpio.o
HAL_GPIO_EXTI_IRQHandler                          build/stm32h7xx_hal_gpio.o
HAL_GPIO_Init                                     build/stm32h7xx_hal_gpio.o
                                                  build/stm32h7xx_hal_rcc.o
                                                  build/usart.o
                                                  build/spi.o
                                                  build/gpio.o
HAL_GPIO_LockPin                                  build/stm32h7xx_hal_gpio.o
HAL_GPIO_ReadPin                                  build/stm32h7xx_hal_gpio.o
HAL_GPIO_TogglePin                                build/stm32h7xx_hal_gpio.o
HAL_GPIO_WritePin                                 build/stm32h7xx_hal_gpio.o
                                                  build/ad5689.o
                                                  build/gpio.o
HAL_GetCurrentCPUID                               build/stm32h7xx_hal_cortex.o
HAL_GetDEVID                                      build/stm32h7xx_hal.o
HAL_GetFMCMemorySwappingConfig                    build/stm32h7xx_hal.o
HAL_GetHalVersion                                 build/stm32h7xx_hal.o
HAL_GetREVID                                      build/stm32h7xx_hal.o
                                                  build/stm32h7xx_hal_rcc_ex.o
HAL_GetTick                                       build/stm32h7xx_hal.o
                                                  build/stm32h7xx_hal_uart_ex.o
                                                  build/stm32h7xx_hal_uart.o
                                                  build/stm32h7xx_hal_i2c.o
                                                  build/stm32h7xx_hal_pwr_ex.o
                                                  build/stm32h7xx_hal_mdma.o
                                                  build/stm32h7xx_hal_dma.o
                                                  build/stm32h7xx_hal_flash.o
                                                  build/stm32h7xx_hal_rcc_ex.o
                                                  build/stm32h7xx_hal_rcc.o
                                                  build/stm32h7xx_hal_spi.o
HAL_GetTickFreq                                   build/stm32h7xx_hal.o
HAL_GetTickPrio                                   build/stm32h7xx_hal.o
HAL_GetUIDw0                                      build/stm32h7xx_hal.o
HAL_GetUIDw1                                      build/stm32h7xx_hal.o
HAL_GetUIDw2                                      build/stm32h7xx_hal.o
HAL_HSEM_ActivateNotification                     build/stm32h7xx_hal_hsem.o
HAL_HSEM_DeactivateNotification                   build/stm32h7xx_hal_hsem.o
HAL_HSEM_FastTake                                 build/stm32h7xx_hal_hsem.o
HAL_HSEM_FreeCallback                             build/stm32h7xx_hal_hsem.o
HAL_HSEM_GetClearKey                              build/stm32h7xx_hal_hsem.o
HAL_HSEM_IRQHandler                               build/stm32h7xx_hal_hsem.o
HAL_HSEM_IsSemTaken                               build/stm32h7xx_hal_hsem.o
HAL_HSEM_Release                                  build/stm32h7xx_hal_hsem.o
HAL_HSEM_ReleaseAll                               build/stm32h7xx_hal_hsem.o
HAL_HSEM_SetClearKey                              build/stm32h7xx_hal_hsem.o
HAL_HSEM_Take                                     build/stm32h7xx_hal_hsem.o
HAL_HalfDuplex_EnableReceiver                     build/stm32h7xx_hal_uart.o
HAL_HalfDuplex_EnableTransmitter                  build/stm32h7xx_hal_uart.o
HAL_HalfDuplex_Init                               build/stm32h7xx_hal_uart.o
HAL_I2CEx_ConfigAnalogFilter                      build/stm32h7xx_hal_i2c_ex.o
HAL_I2CEx_ConfigDigitalFilter                     build/stm32h7xx_hal_i2c_ex.o
HAL_I2CEx_DisableFastModePlus                     build/stm32h7xx_hal_i2c_ex.o
HAL_I2CEx_DisableWakeUp                           build/stm32h7xx_hal_i2c_ex.o
HAL_I2CEx_EnableFastModePlus                      build/stm32h7xx_hal_i2c_ex.o
HAL_I2CEx_EnableWakeUp                            build/stm32h7xx_hal_i2c_ex.o
HAL_I2C_AbortCpltCallback                         build/stm32h7xx_hal_i2c.o
HAL_I2C_AddrCallback                              build/stm32h7xx_hal_i2c.o
HAL_I2C_DeInit                                    build/stm32h7xx_hal_i2c.o
HAL_I2C_DisableListen_IT                          build/stm32h7xx_hal_i2c.o
HAL_I2C_ER_IRQHandler                             build/stm32h7xx_hal_i2c.o
HAL_I2C_EV_IRQHandler                             build/stm32h7xx_hal_i2c.o
HAL_I2C_EnableListen_IT                           build/stm32h7xx_hal_i2c.o
HAL_I2C_ErrorCallback                             build/stm32h7xx_hal_i2c.o
HAL_I2C_GetError                                  build/stm32h7xx_hal_i2c.o
HAL_I2C_GetMode                                   build/stm32h7xx_hal_i2c.o
HAL_I2C_GetState                                  build/stm32h7xx_hal_i2c.o
HAL_I2C_Init                                      build/stm32h7xx_hal_i2c.o
HAL_I2C_IsDeviceReady                             build/stm32h7xx_hal_i2c.o
HAL_I2C_ListenCpltCallback                        build/stm32h7xx_hal_i2c.o
HAL_I2C_MasterRxCpltCallback                      build/stm32h7xx_hal_i2c.o
HAL_I2C_MasterTxCpltCallback                      build/stm32h7xx_hal_i2c.o
HAL_I2C_Master_Abort_IT                           build/stm32h7xx_hal_i2c.o
HAL_I2C_Master_Receive                            build/stm32h7xx_hal_i2c.o
HAL_I2C_Master_Receive_DMA                        build/stm32h7xx_hal_i2c.o
HAL_I2C_Master_Receive_IT                         build/stm32h7xx_hal_i2c.o
HAL_I2C_Master_Seq_Receive_DMA                    build/stm32h7xx_hal_i2c.o
HAL_I2C_Master_Seq_Receive_IT                     build/stm32h7xx_hal_i2c.o
HAL_I2C_Master_Seq_Transmit_DMA                   build/stm32h7xx_hal_i2c.o
HAL_I2C_Master_Seq_Transmit_IT                    build/stm32h7xx_hal_i2c.o
HAL_I2C_Master_Transmit                           build/stm32h7xx_hal_i2c.o
HAL_I2C_Master_Transmit_DMA                       build/stm32h7xx_hal_i2c.o
HAL_I2C_Master_Transmit_IT                        build/stm32h7xx_hal_i2c.o
HAL_I2C_MemRxCpltCallback                         build/stm32h7xx_hal_i2c.o
HAL_I2C_MemTxCpltCallback                         build/stm32h7xx_hal_i2c.o
HAL_I2C_Mem_Read                                  build/stm32h7xx_hal_i2c.o
HAL_I2C_Mem_Read_DMA                              build/stm32h7xx_hal_i2c.o
HAL_I2C_Mem_Read_IT                               build/stm32h7xx_hal_i2c.o
HAL_I2C_Mem_Write                                 build/stm32h7xx_hal_i2c.o
HAL_I2C_Mem_Write_DMA                             build/stm32h7xx_hal_i2c.o
HAL_I2C_Mem_Write_IT                              build/stm32h7xx_hal_i2c.o
HAL_I2C_MspDeInit                                 build/stm32h7xx_hal_i2c.o
HAL_I2C_MspInit                                   build/stm32h7xx_hal_i2c.o
HAL_I2C_SlaveRxCpltCallback                       build/stm32h7xx_hal_i2c.o
HAL_I2C_SlaveTxCpltCallback                       build/stm32h7xx_hal_i2c.o
HAL_I2C_Slave_Receive                             build/stm32h7xx_hal_i2c.o
HAL_I2C_Slave_Receive_DMA                         build/stm32h7xx_hal_i2c.o
HAL_I2C_Slave_Receive_IT                          build/stm32h7xx_hal_i2c.o
HAL_I2C_Slave_Seq_Receive_DMA                     build/stm32h7xx_hal_i2c.o
HAL_I2C_Slave_Seq_Receive_IT                      build/stm32h7xx_hal_i2c.o
HAL_I2C_Slave_Seq_Transmit_DMA                    build/stm32h7xx_hal_i2c.o
HAL_I2C_Slave_Seq_Transmit_IT                     build/stm32h7xx_hal_i2c.o
HAL_I2C_Slave_Transmit                            build/stm32h7xx_hal_i2c.o
HAL_I2C_Slave_Transmit_DMA                        build/stm32h7xx_hal_i2c.o
HAL_I2C_Slave_Transmit_IT                         build/stm32h7xx_hal_i2c.o
HAL_IncTick                                       build/stm32h7xx_hal.o
                                                  build/stm32h7xx_it.o
HAL_Init                                          build/stm32h7xx_hal.o
                                                  build/main.o
HAL_InitTick                                      build/stm32h7xx_hal.o
                                                  build/stm32h7xx_hal_rcc.o
HAL_LIN_Init                                      build/stm32h7xx_hal_uart.o
HAL_LIN_SendBreak                                 build/stm32h7xx_hal_uart.o
HAL_MDMA_Abort                                    build/stm32h7xx_hal_mdma.o
HAL_MDMA_Abort_IT                                 build/stm32h7xx_hal_mdma.o
HAL_MDMA_ConfigPostRequestMask                    build/stm32h7xx_hal_mdma.o
HAL_MDMA_DeInit                                   build/stm32h7xx_hal_mdma.o
HAL_MDMA_GenerateSWRequest                        build/stm32h7xx_hal_mdma.o
HAL_MDMA_GetError                                 build/stm32h7xx_hal_mdma.o
HAL_MDMA_GetState                                 build/stm32h7xx_hal_mdma.o
HAL_MDMA_IRQHandler                               build/stm32h7xx_hal_mdma.o
HAL_MDMA_Init                                     build/stm32h7xx_hal_mdma.o
HAL_MDMA_LinkedList_AddNode                       build/stm32h7xx_hal_mdma.o
HAL_MDMA_LinkedList_CreateNode                    build/stm32h7xx_hal_mdma.o
HAL_MDMA_LinkedList_DisableCircularMode           build/stm32h7xx_hal_mdma.o
HAL_MDMA_LinkedList_EnableCircularMode            build/stm32h7xx_hal_mdma.o
HAL_MDMA_LinkedList_RemoveNode                    build/stm32h7xx_hal_mdma.o
HAL_MDMA_PollForTransfer                          build/stm32h7xx_hal_mdma.o
HAL_MDMA_RegisterCallback                         build/stm32h7xx_hal_mdma.o
HAL_MDMA_Start                                    build/stm32h7xx_hal_mdma.o
HAL_MDMA_Start_IT                                 build/stm32h7xx_hal_mdma.o
HAL_MDMA_UnRegisterCallback                       build/stm32h7xx_hal_mdma.o
HAL_MPU_ConfigRegion                              build/stm32h7xx_hal_cortex.o
HAL_MPU_Disable                                   build/stm32h7xx_hal_cortex.o
HAL_MPU_Enable                                    build/stm32h7xx_hal_cortex.o
HAL_MspDeInit                                     build/stm32h7xx_hal.o
HAL_MspInit                                       build/stm32h7xx_hal_msp.o
HAL_MultiProcessorEx_AddressLength_Set            build/stm32h7xx_hal_uart_ex.o
HAL_MultiProcessor_DisableMuteMode                build/stm32h7xx_hal_uart.o
HAL_MultiProcessor_EnableMuteMode                 build/stm32h7xx_hal_uart.o
HAL_MultiProcessor_EnterMuteMode                  build/stm32h7xx_hal_uart.o
HAL_MultiProcessor_Init                           build/stm32h7xx_hal_uart.o
HAL_NVIC_ClearPendingIRQ                          build/stm32h7xx_hal_cortex.o
HAL_NVIC_DisableIRQ                               build/stm32h7xx_hal_cortex.o
HAL_NVIC_EnableIRQ                                build/stm32h7xx_hal_cortex.o
HAL_NVIC_GetActive                                build/stm32h7xx_hal_cortex.o
HAL_NVIC_GetPendingIRQ                            build/stm32h7xx_hal_cortex.o
HAL_NVIC_GetPriority                              build/stm32h7xx_hal_cortex.o
HAL_NVIC_GetPriorityGrouping                      build/stm32h7xx_hal_cortex.o
HAL_NVIC_SetPendingIRQ                            build/stm32h7xx_hal_cortex.o
HAL_NVIC_SetPriority                              build/stm32h7xx_hal_cortex.o
                                                  build/stm32h7xx_hal.o
HAL_NVIC_SetPriorityGrouping                      build/stm32h7xx_hal_cortex.o
                                                  build/stm32h7xx_hal.o
HAL_NVIC_SystemReset                              build/stm32h7xx_hal_cortex.o
HAL_PWREx_AVDCallback                             build/stm32h7xx_hal_pwr_ex.o
HAL_PWREx_ClearPendingEvent                       build/stm32h7xx_hal_pwr_ex.o
HAL_PWREx_ClearWakeupFlag                         build/stm32h7xx_hal_pwr_ex.o
HAL_PWREx_ConfigAVD                               build/stm32h7xx_hal_pwr_ex.o
HAL_PWREx_ConfigD3Domain                          build/stm32h7xx_hal_pwr_ex.o
HAL_PWREx_ConfigSupply                            build/stm32h7xx_hal_pwr_ex.o
                                                  build/main.o
HAL_PWREx_ControlStopModeVoltageScaling           build/stm32h7xx_hal_pwr_ex.o
HAL_PWREx_ControlVoltageScaling                   build/stm32h7xx_hal_pwr_ex.o
HAL_PWREx_DisableAVD                              build/stm32h7xx_hal_pwr_ex.o
HAL_PWREx_DisableBatteryCharging                  build/stm32h7xx_hal_pwr_ex.o
HAL_PWREx_DisableBkUpReg                          build/stm32h7xx_hal_pwr_ex.o
HAL_PWREx_DisableFlashPowerDown                   build/stm32h7xx_hal_pwr_ex.o
HAL_PWREx_DisableMonitoring                       build/stm32h7xx_hal_pwr_ex.o
HAL_PWREx_DisableUSBReg                           build/stm32h7xx_hal_pwr_ex.o
HAL_PWREx_DisableUSBVoltageDetector               build/stm32h7xx_hal_pwr_ex.o
HAL_PWREx_DisableWakeUpPin                        build/stm32h7xx_hal_pwr_ex.o
HAL_PWREx_EnableAVD                               build/stm32h7xx_hal_pwr_ex.o
HAL_PWREx_EnableBatteryCharging                   build/stm32h7xx_hal_pwr_ex.o
HAL_PWREx_EnableBkUpReg                           build/stm32h7xx_hal_pwr_ex.o
HAL_PWREx_EnableFlashPowerDown                    build/stm32h7xx_hal_pwr_ex.o
HAL_PWREx_EnableMonitoring                        build/stm32h7xx_hal_pwr_ex.o
HAL_PWREx_EnableUSBReg                            build/stm32h7xx_hal_pwr_ex.o
HAL_PWREx_EnableUSBVoltageDetector                build/stm32h7xx_hal_pwr_ex.o
HAL_PWREx_EnableWakeUpPin                         build/stm32h7xx_hal_pwr_ex.o
HAL_PWREx_EnterSTANDBYMode                        build/stm32h7xx_hal_pwr_ex.o
HAL_PWREx_EnterSTOPMode                           build/stm32h7xx_hal_pwr_ex.o
HAL_PWREx_GetStopModeVoltageRange                 build/stm32h7xx_hal_pwr_ex.o
HAL_PWREx_GetSupplyConfig                         build/stm32h7xx_hal_pwr_ex.o
HAL_PWREx_GetTemperatureLevel                     build/stm32h7xx_hal_pwr_ex.o
HAL_PWREx_GetVBATLevel                            build/stm32h7xx_hal_pwr_ex.o
HAL_PWREx_GetVoltageRange                         build/stm32h7xx_hal_pwr_ex.o
HAL_PWREx_GetWakeupFlag                           build/stm32h7xx_hal_pwr_ex.o
HAL_PWREx_PVD_AVD_IRQHandler                      build/stm32h7xx_hal_pwr_ex.o
HAL_PWREx_WAKEUP_PIN_IRQHandler                   build/stm32h7xx_hal_pwr_ex.o
HAL_PWREx_WKUP1_Callback                          build/stm32h7xx_hal_pwr_ex.o
HAL_PWREx_WKUP2_Callback                          build/stm32h7xx_hal_pwr_ex.o
HAL_PWREx_WKUP4_Callback                          build/stm32h7xx_hal_pwr_ex.o
HAL_PWREx_WKUP6_Callback                          build/stm32h7xx_hal_pwr_ex.o
HAL_PWR_ConfigPVD                                 build/stm32h7xx_hal_pwr.o
HAL_PWR_DeInit                                    build/stm32h7xx_hal_pwr.o
HAL_PWR_DisableBkUpAccess                         build/stm32h7xx_hal_pwr.o
HAL_PWR_DisablePVD                                build/stm32h7xx_hal_pwr.o
HAL_PWR_DisableSEVOnPend                          build/stm32h7xx_hal_pwr.o
HAL_PWR_DisableSleepOnExit                        build/stm32h7xx_hal_pwr.o
HAL_PWR_DisableWakeUpPin                          build/stm32h7xx_hal_pwr.o
HAL_PWR_EnableBkUpAccess                          build/stm32h7xx_hal_pwr.o
HAL_PWR_EnablePVD                                 build/stm32h7xx_hal_pwr.o
HAL_PWR_EnableSEVOnPend                           build/stm32h7xx_hal_pwr.o
HAL_PWR_EnableSleepOnExit                         build/stm32h7xx_hal_pwr.o
HAL_PWR_EnableWakeUpPin                           build/stm32h7xx_hal_pwr.o
HAL_PWR_EnterSLEEPMode                            build/stm32h7xx_hal_pwr.o
HAL_PWR_EnterSTANDBYMode                          build/stm32h7xx_hal_pwr.o
HAL_PWR_EnterSTOPMode                             build/stm32h7xx_hal_pwr.o
HAL_PWR_PVDCallback                               build/stm32h7xx_hal_pwr.o
                                                  build/stm32h7xx_hal_pwr_ex.o
HAL_PWR_PVD_IRQHandler                            build/stm32h7xx_hal_pwr.o
HAL_RCCEx_CRSConfig                               build/stm32h7xx_hal_rcc_ex.o
HAL_RCCEx_CRSGetSynchronizationInfo               build/stm32h7xx_hal_rcc_ex.o
HAL_RCCEx_CRSSoftwareSynchronizationGenerate      build/stm32h7xx_hal_rcc_ex.o
HAL_RCCEx_CRSWaitSynchronization                  build/stm32h7xx_hal_rcc_ex.o
HAL_RCCEx_CRS_ErrorCallback                       build/stm32h7xx_hal_rcc_ex.o
HAL_RCCEx_CRS_ExpectedSyncCallback                build/stm32h7xx_hal_rcc_ex.o
HAL_RCCEx_CRS_IRQHandler                          build/stm32h7xx_hal_rcc_ex.o
HAL_RCCEx_CRS_SyncOkCallback                      build/stm32h7xx_hal_rcc_ex.o
HAL_RCCEx_CRS_SyncWarnCallback                    build/stm32h7xx_hal_rcc_ex.o
HAL_RCCEx_DisableLSECSS                           build/stm32h7xx_hal_rcc_ex.o
HAL_RCCEx_EnableLSECSS                            build/stm32h7xx_hal_rcc_ex.o
HAL_RCCEx_EnableLSECSS_IT                         build/stm32h7xx_hal_rcc_ex.o
HAL_RCCEx_GetD1PCLK1Freq                          build/stm32h7xx_hal_rcc_ex.o
HAL_RCCEx_GetD1SysClockFreq                       build/stm32h7xx_hal_rcc_ex.o
HAL_RCCEx_GetD3PCLK1Freq                          build/stm32h7xx_hal_rcc_ex.o
                                                  build/stm32h7xx_hal_uart.o
HAL_RCCEx_GetPLL1ClockFreq                        build/stm32h7xx_hal_rcc_ex.o
HAL_RCCEx_GetPLL2ClockFreq                        build/stm32h7xx_hal_rcc_ex.o
                                                  build/stm32h7xx_hal_uart.o
HAL_RCCEx_GetPLL3ClockFreq                        build/stm32h7xx_hal_rcc_ex.o
                                                  build/stm32h7xx_hal_uart.o
HAL_RCCEx_GetPeriphCLKConfig                      build/stm32h7xx_hal_rcc_ex.o
HAL_RCCEx_GetPeriphCLKFreq                        build/stm32h7xx_hal_rcc_ex.o
HAL_RCCEx_KerWakeUpStopCLKConfig                  build/stm32h7xx_hal_rcc_ex.o
HAL_RCCEx_LSECSS_Callback                         build/stm32h7xx_hal_rcc_ex.o
HAL_RCCEx_LSECSS_IRQHandler                       build/stm32h7xx_hal_rcc_ex.o
HAL_RCCEx_PeriphCLKConfig                         build/stm32h7xx_hal_rcc_ex.o
                                                  build/usart.o
                                                  build/spi.o
HAL_RCCEx_WWDGxSysResetConfig                     build/stm32h7xx_hal_rcc_ex.o
HAL_RCCEx_WakeUpStopCLKConfig                     build/stm32h7xx_hal_rcc_ex.o
HAL_RCC_CSSCallback                               build/stm32h7xx_hal_rcc.o
HAL_RCC_ClockConfig                               build/stm32h7xx_hal_rcc.o
                                                  build/main.o
HAL_RCC_DeInit                                    build/stm32h7xx_hal_rcc.o
HAL_RCC_DisableCSS                                build/stm32h7xx_hal_rcc.o
HAL_RCC_EnableCSS                                 build/stm32h7xx_hal_rcc.o
                                                  build/main.o
HAL_RCC_GetClockConfig                            build/stm32h7xx_hal_rcc.o
HAL_RCC_GetHCLKFreq                               build/stm32h7xx_hal_rcc.o
                                                  build/stm32h7xx_hal_rcc_ex.o
HAL_RCC_GetOscConfig                              build/stm32h7xx_hal_rcc.o
HAL_RCC_GetPCLK1Freq                              build/stm32h7xx_hal_rcc.o
                                                  build/stm32h7xx_hal_uart.o
                                                  build/stm32h7xx_hal_rcc_ex.o
HAL_RCC_GetPCLK2Freq                              build/stm32h7xx_hal_rcc.o
                                                  build/stm32h7xx_hal_uart.o
HAL_RCC_GetSysClockFreq                           build/stm32h7xx_hal_rcc.o
                                                  build/stm32h7xx_hal.o
                                                  build/stm32h7xx_hal_rcc_ex.o
HAL_RCC_MCOConfig                                 build/stm32h7xx_hal_rcc.o
HAL_RCC_NMI_IRQHandler                            build/stm32h7xx_hal_rcc.o
                                                  build/stm32h7xx_it.o
HAL_RCC_OscConfig                                 build/stm32h7xx_hal_rcc.o
                                                  build/main.o
HAL_RS485Ex_Init                                  build/stm32h7xx_hal_uart_ex.o
HAL_ResumeTick                                    build/stm32h7xx_hal.o
HAL_SPIEx_ConfigureUnderrun                       build/stm32h7xx_hal_spi_ex.o
HAL_SPIEx_EnableLockConfiguration                 build/stm32h7xx_hal_spi_ex.o
HAL_SPIEx_FlushRxFifo                             build/stm32h7xx_hal_spi_ex.o
HAL_SPI_Abort                                     build/stm32h7xx_hal_spi.o
HAL_SPI_AbortCpltCallback                         build/stm32h7xx_hal_spi.o
HAL_SPI_Abort_IT                                  build/stm32h7xx_hal_spi.o
HAL_SPI_DMAPause                                  build/stm32h7xx_hal_spi.o
HAL_SPI_DMAResume                                 build/stm32h7xx_hal_spi.o
HAL_SPI_DMAStop                                   build/stm32h7xx_hal_spi.o
HAL_SPI_DeInit                                    build/stm32h7xx_hal_spi.o
HAL_SPI_ErrorCallback                             build/stm32h7xx_hal_spi.o
HAL_SPI_GetError                                  build/stm32h7xx_hal_spi.o
HAL_SPI_GetState                                  build/stm32h7xx_hal_spi.o
HAL_SPI_IRQHandler                                build/stm32h7xx_hal_spi.o
HAL_SPI_Init                                      build/stm32h7xx_hal_spi.o
                                                  build/spi.o
HAL_SPI_MspDeInit                                 build/spi.o
HAL_SPI_MspInit                                   build/spi.o
HAL_SPI_Receive                                   build/stm32h7xx_hal_spi.o
HAL_SPI_Receive_DMA                               build/stm32h7xx_hal_spi.o
HAL_SPI_Receive_IT                                build/stm32h7xx_hal_spi.o
HAL_SPI_RxCpltCallback                            build/stm32h7xx_hal_spi.o
HAL_SPI_RxHalfCpltCallback                        build/stm32h7xx_hal_spi.o
HAL_SPI_SuspendCallback                           build/stm32h7xx_hal_spi.o
HAL_SPI_Transmit                                  build/stm32h7xx_hal_spi.o
HAL_SPI_TransmitReceive                           build/stm32h7xx_hal_spi.o
                                                  build/ad5689.o
HAL_SPI_TransmitReceive_DMA                       build/stm32h7xx_hal_spi.o
HAL_SPI_TransmitReceive_IT                        build/stm32h7xx_hal_spi.o
HAL_SPI_Transmit_DMA                              build/stm32h7xx_hal_spi.o
HAL_SPI_Transmit_IT                               build/stm32h7xx_hal_spi.o
HAL_SPI_TxCpltCallback                            build/stm32h7xx_hal_spi.o
HAL_SPI_TxHalfCpltCallback                        build/stm32h7xx_hal_spi.o
HAL_SPI_TxRxCpltCallback                          build/stm32h7xx_hal_spi.o
HAL_SPI_TxRxHalfCpltCallback                      build/stm32h7xx_hal_spi.o
HAL_SYSCFG_ADC2ALT_Rout0Config                    build/stm32h7xx_hal.o
HAL_SYSCFG_ADC2ALT_Rout1Config                    build/stm32h7xx_hal.o
HAL_SYSCFG_AnalogSwitchConfig                     build/stm32h7xx_hal.o
HAL_SYSCFG_CM7BootAddConfig                       build/stm32h7xx_hal.o
HAL_SYSCFG_CompensationCodeConfig                 build/stm32h7xx_hal.o
HAL_SYSCFG_CompensationCodeSelect                 build/stm32h7xx_hal.o
HAL_SYSCFG_DisableBOOST                           build/stm32h7xx_hal.o
HAL_SYSCFG_DisableIOSpeedOptimize                 build/stm32h7xx_hal.o
HAL_SYSCFG_DisableVREFBUF                         build/stm32h7xx_hal.o
HAL_SYSCFG_ETHInterfaceSelect                     build/stm32h7xx_hal.o
HAL_SYSCFG_EnableBOOST                            build/stm32h7xx_hal.o
HAL_SYSCFG_EnableIOSpeedOptimize                  build/stm32h7xx_hal.o
HAL_SYSCFG_EnableVREFBUF                          build/stm32h7xx_hal.o
HAL_SYSCFG_VREFBUF_HighImpedanceConfig            build/stm32h7xx_hal.o
HAL_SYSCFG_VREFBUF_TrimmingConfig                 build/stm32h7xx_hal.o
HAL_SYSCFG_VREFBUF_VoltageScalingConfig           build/stm32h7xx_hal.o
HAL_SYSTICK_CLKSourceConfig                       build/stm32h7xx_hal_cortex.o
HAL_SYSTICK_Callback                              build/stm32h7xx_hal_cortex.o
HAL_SYSTICK_Config                                build/stm32h7xx_hal_cortex.o
                                                  build/stm32h7xx_hal.o
HAL_SYSTICK_IRQHandler                            build/stm32h7xx_hal_cortex.o
HAL_SetFMCMemorySwappingConfig                    build/stm32h7xx_hal.o
HAL_SetTickFreq                                   build/stm32h7xx_hal.o
HAL_SuspendTick                                   build/stm32h7xx_hal.o
HAL_UARTEx_DisableFifoMode                        build/stm32h7xx_hal_uart_ex.o
                                                  build/usart.o
HAL_UARTEx_DisableStopMode                        build/stm32h7xx_hal_uart_ex.o
HAL_UARTEx_EnableFifoMode                         build/stm32h7xx_hal_uart_ex.o
HAL_UARTEx_EnableStopMode                         build/stm32h7xx_hal_uart_ex.o
HAL_UARTEx_GetRxEventType                         build/stm32h7xx_hal_uart_ex.o
HAL_UARTEx_ReceiveToIdle                          build/stm32h7xx_hal_uart_ex.o
HAL_UARTEx_ReceiveToIdle_DMA                      build/stm32h7xx_hal_uart_ex.o
HAL_UARTEx_ReceiveToIdle_IT                       build/stm32h7xx_hal_uart_ex.o
HAL_UARTEx_RxEventCallback                        build/stm32h7xx_hal_uart.o
HAL_UARTEx_RxFifoFullCallback                     build/stm32h7xx_hal_uart_ex.o
                                                  build/stm32h7xx_hal_uart.o
HAL_UARTEx_SetRxFifoThreshold                     build/stm32h7xx_hal_uart_ex.o
                                                  build/usart.o
HAL_UARTEx_SetTxFifoThreshold                     build/stm32h7xx_hal_uart_ex.o
                                                  build/usart.o
HAL_UARTEx_StopModeWakeUpSourceConfig             build/stm32h7xx_hal_uart_ex.o
HAL_UARTEx_TxFifoEmptyCallback                    build/stm32h7xx_hal_uart_ex.o
                                                  build/stm32h7xx_hal_uart.o
HAL_UARTEx_WakeupCallback                         build/stm32h7xx_hal_uart_ex.o
                                                  build/stm32h7xx_hal_uart.o
HAL_UART_Abort                                    build/stm32h7xx_hal_uart.o
HAL_UART_AbortCpltCallback                        build/stm32h7xx_hal_uart.o
HAL_UART_AbortReceive                             build/stm32h7xx_hal_uart.o
HAL_UART_AbortReceiveCpltCallback                 build/stm32h7xx_hal_uart.o
HAL_UART_AbortReceive_IT                          build/stm32h7xx_hal_uart.o
HAL_UART_AbortTransmit                            build/stm32h7xx_hal_uart.o
HAL_UART_AbortTransmitCpltCallback                build/stm32h7xx_hal_uart.o
HAL_UART_AbortTransmit_IT                         build/stm32h7xx_hal_uart.o
HAL_UART_Abort_IT                                 build/stm32h7xx_hal_uart.o
HAL_UART_DMAPause                                 build/stm32h7xx_hal_uart.o
HAL_UART_DMAResume                                build/stm32h7xx_hal_uart.o
HAL_UART_DMAStop                                  build/stm32h7xx_hal_uart.o
HAL_UART_DeInit                                   build/stm32h7xx_hal_uart.o
HAL_UART_DisableReceiverTimeout                   build/stm32h7xx_hal_uart.o
HAL_UART_EnableReceiverTimeout                    build/stm32h7xx_hal_uart.o
HAL_UART_ErrorCallback                            build/stm32h7xx_hal_uart.o
HAL_UART_GetError                                 build/stm32h7xx_hal_uart.o
HAL_UART_GetState                                 build/stm32h7xx_hal_uart.o
HAL_UART_IRQHandler                               build/stm32h7xx_hal_uart.o
HAL_UART_Init                                     build/stm32h7xx_hal_uart.o
                                                  build/usart.o
HAL_UART_MspDeInit                                build/usart.o
HAL_UART_MspInit                                  build/usart.o
                                                  build/stm32h7xx_hal_uart_ex.o
HAL_UART_Receive                                  build/stm32h7xx_hal_uart.o
HAL_UART_Receive_DMA                              build/stm32h7xx_hal_uart.o
HAL_UART_Receive_IT                               build/stm32h7xx_hal_uart.o
HAL_UART_ReceiverTimeout_Config                   build/stm32h7xx_hal_uart.o
HAL_UART_RxCpltCallback                           build/stm32h7xx_hal_uart.o
HAL_UART_RxHalfCpltCallback                       build/stm32h7xx_hal_uart.o
HAL_UART_Transmit                                 build/stm32h7xx_hal_uart.o
HAL_UART_Transmit_DMA                             build/stm32h7xx_hal_uart.o
HAL_UART_Transmit_IT                              build/stm32h7xx_hal_uart.o
HAL_UART_TxCpltCallback                           build/stm32h7xx_hal_uart.o
HAL_UART_TxHalfCpltCallback                       build/stm32h7xx_hal_uart.o
HSEM1_IRQHandler                                  build/startup_stm32h723xx.o
HardFault_Handler                                 build/stm32h7xx_it.o
I2C1_ER_IRQHandler                                build/startup_stm32h723xx.o
I2C1_EV_IRQHandler                                build/startup_stm32h723xx.o
I2C2_ER_IRQHandler                                build/startup_stm32h723xx.o
I2C2_EV_IRQHandler                                build/startup_stm32h723xx.o
I2C3_ER_IRQHandler                                build/startup_stm32h723xx.o
I2C3_EV_IRQHandler                                build/startup_stm32h723xx.o
I2C4_ER_IRQHandler                                build/startup_stm32h723xx.o
I2C4_EV_IRQHandler                                build/startup_stm32h723xx.o
I2C5_ER_IRQHandler                                build/startup_stm32h723xx.o
I2C5_EV_IRQHandler                                build/startup_stm32h723xx.o
LPTIM1_IRQHandler                                 build/startup_stm32h723xx.o
LPTIM2_IRQHandler                                 build/startup_stm32h723xx.o
LPTIM3_IRQHandler                                 build/startup_stm32h723xx.o
LPTIM4_IRQHandler                                 build/startup_stm32h723xx.o
LPTIM5_IRQHandler                                 build/startup_stm32h723xx.o
LPUART1_IRQHandler                                build/startup_stm32h723xx.o
LTDC_ER_IRQHandler                                build/startup_stm32h723xx.o
LTDC_IRQHandler                                   build/startup_stm32h723xx.o
MDIOS_IRQHandler                                  build/startup_stm32h723xx.o
MDIOS_WKUP_IRQHandler                             build/startup_stm32h723xx.o
MDMA_IRQHandler                                   build/startup_stm32h723xx.o
MX_GPIO_Init                                      build/gpio.o
                                                  build/main.o
MX_SPI1_Init                                      build/spi.o
                                                  build/main.o
MX_USART1_UART_Init                               build/usart.o
                                                  build/main.o
MemManage_Handler                                 build/stm32h7xx_it.o
NMI_Handler                                       build/stm32h7xx_it.o
OCTOSPI1_IRQHandler                               build/startup_stm32h723xx.o
OCTOSPI2_IRQHandler                               build/startup_stm32h723xx.o
OTG_HS_EP1_IN_IRQHandler                          build/startup_stm32h723xx.o
OTG_HS_EP1_OUT_IRQHandler                         build/startup_stm32h723xx.o
OTG_HS_IRQHandler                                 build/startup_stm32h723xx.o
OTG_HS_WKUP_IRQHandler                            build/startup_stm32h723xx.o
PVD_AVD_IRQHandler                                build/startup_stm32h723xx.o
PendSV_Handler                                    build/stm32h7xx_it.o
RCC_IRQHandler                                    build/startup_stm32h723xx.o
RNG_IRQHandler                                    build/startup_stm32h723xx.o
RTC_Alarm_IRQHandler                              build/startup_stm32h723xx.o
RTC_WKUP_IRQHandler                               build/startup_stm32h723xx.o
Reset_Handler                                     build/startup_stm32h723xx.o
SAI1_IRQHandler                                   build/startup_stm32h723xx.o
SAI4_IRQHandler                                   build/startup_stm32h723xx.o
SDMMC1_IRQHandler                                 build/startup_stm32h723xx.o
SDMMC2_IRQHandler                                 build/startup_stm32h723xx.o
SPDIF_RX_IRQHandler                               build/startup_stm32h723xx.o
SPI1_IRQHandler                                   build/startup_stm32h723xx.o
SPI2_IRQHandler                                   build/startup_stm32h723xx.o
SPI3_IRQHandler                                   build/startup_stm32h723xx.o
SPI4_IRQHandler                                   build/startup_stm32h723xx.o
SPI5_IRQHandler                                   build/startup_stm32h723xx.o
SPI6_IRQHandler                                   build/startup_stm32h723xx.o
SVC_Handler                                       build/stm32h7xx_it.o
SWPMI1_IRQHandler                                 build/startup_stm32h723xx.o
SysTick_Handler                                   build/stm32h7xx_it.o
SystemClock_Config                                build/main.o
SystemCoreClock                                   build/system_stm32h7xx.o
                                                  build/stm32h7xx_hal.o
                                                  build/stm32h7xx_hal_mdma.o
                                                  build/stm32h7xx_hal_dma.o
                                                  build/stm32h7xx_hal_rcc_ex.o
                                                  build/stm32h7xx_hal_rcc.o
                                                  build/stm32h7xx_hal_spi.o
SystemCoreClockUpdate                             build/system_stm32h7xx.o
SystemD2Clock                                     build/system_stm32h7xx.o
                                                  build/stm32h7xx_hal.o
                                                  build/stm32h7xx_hal_rcc_ex.o
                                                  build/stm32h7xx_hal_rcc.o
SystemInit                                        build/system_stm32h7xx.o
                                                  build/startup_stm32h723xx.o
TAMP_STAMP_IRQHandler                             build/startup_stm32h723xx.o
TIM15_IRQHandler                                  build/startup_stm32h723xx.o
TIM16_IRQHandler                                  build/startup_stm32h723xx.o
TIM17_IRQHandler                                  build/startup_stm32h723xx.o
TIM1_BRK_IRQHandler                               build/startup_stm32h723xx.o
TIM1_CC_IRQHandler                                build/startup_stm32h723xx.o
TIM1_TRG_COM_IRQHandler                           build/startup_stm32h723xx.o
TIM1_UP_IRQHandler                                build/startup_stm32h723xx.o
TIM23_IRQHandler                                  build/startup_stm32h723xx.o
TIM24_IRQHandler                                  build/startup_stm32h723xx.o
TIM2_IRQHandler                                   build/startup_stm32h723xx.o
TIM3_IRQHandler                                   build/startup_stm32h723xx.o
TIM4_IRQHandler                                   build/startup_stm32h723xx.o
TIM5_IRQHandler                                   build/startup_stm32h723xx.o
TIM6_DAC_IRQHandler                               build/startup_stm32h723xx.o
TIM7_IRQHandler                                   build/startup_stm32h723xx.o
TIM8_BRK_TIM12_IRQHandler                         build/startup_stm32h723xx.o
TIM8_CC_IRQHandler                                build/startup_stm32h723xx.o
TIM8_TRG_COM_TIM14_IRQHandler                     build/startup_stm32h723xx.o
TIM8_UP_TIM13_IRQHandler                          build/startup_stm32h723xx.o